18.6376 	INFO 	Loaded monitor calibration from ['2025_08_12 09:11']
18.6489 	WARNING 	User requested fullscreen with size [1024  768], but screen is actually [1920, 1080]. Using actual size
19.1170 	INFO 	Using renderer 'AMD Radeon(TM) Graphics' for graphics
19.1170 	INFO 	OpenGL version supported by driver is 4..
19.1654 	EXP 	Created window1 = Window(allowGUI=False, allowStencil=False, autoLog=True, backendConf=UNKNOWN, backgroundFit=<method-wrapper '__getattribute__' of attributeSetter object at 0x0000023EDCFC0FA0>, backgroundImage=<method-wrapper '__getattribute__' of attributeSetter object at 0x0000023EDCFC0F40>, bitsMode=UNKNOWN, blendMode='avg', bpc=(8, 8, 8), color=array([0, 0, 0]), colorSpace='rgb', depthBits=8, fullscr=True, gamma=None, gammaErrorPolicy='raise', infoMsg=UNKNOWN, lms=UNKNOWN, monitor=<psychopy.monitors.calibTools.Monitor object at 0x0000023EDD076800>, multiSample=False, name='window1', numSamples=2, pos=[np.float64(0.0), np.float64(0.0)], screen=0, size=array([1920, 1080]), stencilBits=0, stereo=False, title='PsychoPy', units='height', useFBO=True, useRetina=False, viewOri=0.0, viewPos=None, viewScale=None, waitBlanking=True, winType='pyglet')
19.1655 	EXP 	window1: backgroundImage = ''
19.1655 	EXP 	window1: backgroundFit = 'none'
19.6828 	EXP 	window1: Attempting to measure frame rate of screen (0) ...
19.6829 	EXP 	window1: recordFrameIntervals = False
19.8803 	EXP 	window1: recordFrameIntervals = True
20.0644 	EXP 	Screen (0) actual frame rate measured at 59.88Hz
20.0644 	EXP 	window1: recordFrameIntervals = False
20.1392 	INFO 	keyboard.Keyboard is using ptb backend.
20.1395 	INFO 	keyboard.Keyboard is using ptb backend.
20.1396 	EXP 	delay_discounting_exp: status = STARTED
20.1494 	EXP 	Created fixation = ShapeStim(__class__=<class 'psychopy.visual.shape.ShapeStim'>, anchor=('center', 'center'), autoDraw=False, autoLog=True, closeShape=True, color=method-wrapper(...), colorSpace='rgb', contrast=None, depth=0.0, draggable=False, fillColor=array([1, 1, 1]), fillColorSpace='rgb', fillRGB=array([1, 1, 1]), interpolate=True, lineColor=array([1., 1., 1.]), lineColorSpace='rgb', lineRGB=array([1, 1, 1]), lineWidth=1.0, name='fixation', opacity=1, ori=0.0, pos=array([0., 0.]), size=array([0.05, 0.05]), units='height', vertices=ndarray(...), win=Window(...), windingRule=None)
20.1901 	EXP 	Created text = TextStim(__class__=<class 'psychopy.visual.text.TextStim'>, alignHoriz=method-wrapper(...), alignText='center', alignVert=method-wrapper(...), anchorHoriz='center', anchorVert='center', antialias=True, autoDraw=False, autoLog=True, bold=False, color=array([1., 1., 1.]), colorSpace='rgb', contrast=1.0, depth=-1.0, draggable=False, flipHoriz=False, flipVert=False, font='Arial', fontFiles=[], height=0.05, italic=False, languageStyle='LTR', name='text', opacity=1, ori=0.0, pos=array([0., 0.]), rgb=UNKNOWN, text='', units='height', win=Window(...), wrapWidth=1)
0.0254 	EXP 	Imported discounting.xlsx as conditions, 100 conditions, 3 params
0.0266 	EXP 	New trial (rep=0, index=0): <Trial 0 (0 in rep 0) data={'reward_today': 80, 'future_reward': 101, 'delay': 14, 'thisN': 0, 'thisTrialN': 0, 'thisRepN': 0}>
0.1156 	EXP 	text: height = np.float64(0.05)
0.1156 	EXP 	text: height = np.float64(0.05)
0.1156 	EXP 	text: height = np.float64(0.05)
0.1156 	EXP 	text: text = 'GBP 80 today or  GBP 101 after 14 days'
0.1156 	EXP 	fixation: autoDraw = True
1.0102 	INFO 	Keyboard events cleared
1.0099 	EXP 	text: autoDraw = True
1.1270 	EXP 	fixation: autoDraw = False
9.3959 	EXP 	Device response: <KeyPress from None: t=9.374953099992126, value=t, duration=None>
9.3964 	EXP 	New trial (rep=0, index=1): <Trial 1 (1 in rep 0) data={'reward_today': 99, 'future_reward': 111, 'delay': 88, 'thisN': 1, 'thisTrialN': 1, 'thisRepN': 0}>
9.4063 	DATA 	Keypress: t
9.4155 	EXP 	fixation: autoDraw = False
9.4155 	EXP 	text: autoDraw = False
9.4155 	EXP 	text: height = np.float64(0.05)
9.4155 	EXP 	text: height = np.float64(0.05)
9.4155 	EXP 	text: height = np.float64(0.05)
9.4155 	EXP 	text: text = 'GBP 99 today or  GBP 111 after 88 days'
9.4155 	EXP 	fixation: autoDraw = True
9.4510 	EXP 	Device response: <KeyPress from None: t=9.374953099992126, value=t, duration=0.060942700001760386>
10.4018 	INFO 	Keyboard events cleared
10.4016 	EXP 	text: autoDraw = True
10.4166 	EXP 	fixation: autoDraw = False
21.0714 	DATA 	Keypress: t
21.0851 	EXP 	Device response: <KeyPress from None: t=21.070264499998302, value=t, duration=None>
21.0853 	EXP 	New trial (rep=0, index=2): <Trial 2 (2 in rep 0) data={'reward_today': 29, 'future_reward': 90, 'delay': 94, 'thisN': 2, 'thisTrialN': 2, 'thisRepN': 0}>
21.1013 	EXP 	fixation: autoDraw = False
21.1013 	EXP 	text: autoDraw = False
21.1013 	EXP 	text: height = np.float64(0.05)
21.1013 	EXP 	text: height = np.float64(0.05)
21.1013 	EXP 	text: height = np.float64(0.05)
21.1013 	EXP 	text: text = 'GBP 29 today or  GBP 90 after 94 days'
21.1013 	EXP 	fixation: autoDraw = True
21.1847 	EXP 	Device response: <KeyPress from None: t=21.070264499998302, value=t, duration=0.10674979999021161>
22.0851 	INFO 	Keyboard events cleared
22.0849 	EXP 	text: autoDraw = True
22.1023 	EXP 	fixation: autoDraw = False
29.2687 	EXP 	Device response: <KeyPress from None: t=29.25861749998876, value=l, duration=None>
29.2691 	EXP 	New trial (rep=0, index=3): <Trial 3 (3 in rep 0) data={'reward_today': 82, 'future_reward': 90, 'delay': 71, 'thisN': 3, 'thisTrialN': 3, 'thisRepN': 0}>
29.2790 	DATA 	Keypress: l
29.2878 	EXP 	fixation: autoDraw = False
29.2878 	EXP 	text: autoDraw = False
29.2878 	EXP 	text: height = np.float64(0.05)
29.2878 	EXP 	text: height = np.float64(0.05)
29.2878 	EXP 	text: height = np.float64(0.05)
29.2878 	EXP 	text: text = 'GBP 82 today or  GBP 90 after 71 days'
29.2878 	EXP 	fixation: autoDraw = True
29.4020 	EXP 	Device response: <KeyPress from None: t=29.25861749998876, value=l, duration=0.1278664999990724>
30.2849 	INFO 	Keyboard events cleared
30.2847 	EXP 	text: autoDraw = True
30.3019 	EXP 	fixation: autoDraw = False
32.9844 	EXP 	Device response: <KeyPress from None: t=32.980071999991196, value=t, duration=None>
32.9845 	EXP 	New trial (rep=0, index=4): <Trial 4 (4 in rep 0) data={'reward_today': 38, 'future_reward': 60, 'delay': 4, 'thisN': 4, 'thisTrialN': 4, 'thisRepN': 0}>
32.9908 	DATA 	Keypress: t
33.0009 	EXP 	fixation: autoDraw = False
33.0009 	EXP 	text: autoDraw = False
33.0009 	EXP 	text: height = np.float64(0.05)
33.0009 	EXP 	text: height = np.float64(0.05)
33.0009 	EXP 	text: height = np.float64(0.05)
33.0009 	EXP 	text: text = 'GBP 38 today or  GBP 60 after 4 days'
33.0009 	EXP 	fixation: autoDraw = True
33.0681 	EXP 	Device response: <KeyPress from None: t=32.980071999991196, value=t, duration=0.08612239999638405>
33.9842 	INFO 	Keyboard events cleared
33.9841 	EXP 	text: autoDraw = True
34.0013 	EXP 	fixation: autoDraw = False
38.8027 	EXP 	Device response: <KeyPress from None: t=38.80011929999455, value=l, duration=None>
38.8031 	EXP 	New trial (rep=0, index=5): <Trial 5 (5 in rep 0) data={'reward_today': 28, 'future_reward': 51, 'delay': 150, 'thisN': 5, 'thisTrialN': 5, 'thisRepN': 0}>
38.8123 	DATA 	Keypress: l
38.8192 	EXP 	fixation: autoDraw = False
38.8192 	EXP 	text: autoDraw = False
38.8192 	EXP 	text: height = np.float64(0.05)
38.8192 	EXP 	text: height = np.float64(0.05)
38.8192 	EXP 	text: height = np.float64(0.05)
38.8192 	EXP 	text: text = 'GBP 28 today or  GBP 51 after 150 days'
38.8192 	EXP 	fixation: autoDraw = True
38.8861 	EXP 	Device response: <KeyPress from None: t=38.80011929999455, value=l, duration=0.08345279999775812>
39.8017 	INFO 	Keyboard events cleared
39.8015 	EXP 	text: autoDraw = True
39.8195 	EXP 	fixation: autoDraw = False
44.4858 	EXP 	Device response: <KeyPress from None: t=44.47429230000125, value=t, duration=None>
44.4861 	EXP 	New trial (rep=0, index=6): <Trial 6 (6 in rep 0) data={'reward_today': 41, 'future_reward': 70, 'delay': 63, 'thisN': 6, 'thisTrialN': 6, 'thisRepN': 0}>
44.4904 	DATA 	Keypress: t
44.5034 	EXP 	fixation: autoDraw = False
44.5034 	EXP 	text: autoDraw = False
44.5034 	EXP 	text: height = np.float64(0.05)
44.5034 	EXP 	text: height = np.float64(0.05)
44.5034 	EXP 	text: height = np.float64(0.05)
44.5034 	EXP 	text: text = 'GBP 41 today or  GBP 70 after 63 days'
44.5034 	EXP 	fixation: autoDraw = True
44.6357 	EXP 	Device response: <KeyPress from None: t=44.47429230000125, value=t, duration=0.1564450999867404>
45.4857 	INFO 	Keyboard events cleared
45.4855 	EXP 	text: autoDraw = True
45.5218 	EXP 	fixation: autoDraw = False
47.6360 	EXP 	Device response: <KeyPress from None: t=47.62278549998882, value=t, duration=None>
47.6364 	EXP 	New trial (rep=0, index=7): <Trial 7 (7 in rep 0) data={'reward_today': 6, 'future_reward': 51, 'delay': 73, 'thisN': 7, 'thisTrialN': 7, 'thisRepN': 0}>
47.6415 	DATA 	Keypress: t
47.6516 	EXP 	fixation: autoDraw = False
47.6516 	EXP 	text: autoDraw = False
47.6516 	EXP 	text: height = np.float64(0.05)
47.6516 	EXP 	text: height = np.float64(0.05)
47.6516 	EXP 	text: height = np.float64(0.05)
47.6516 	EXP 	text: text = 'GBP 6 today or  GBP 51 after 73 days'
47.6516 	EXP 	fixation: autoDraw = True
47.8364 	EXP 	Device response: <KeyPress from None: t=47.62278549998882, value=t, duration=0.20823490001203027>
48.6376 	INFO 	Keyboard events cleared
48.6374 	EXP 	text: autoDraw = True
48.6518 	EXP 	fixation: autoDraw = False
50.1031 	EXP 	Device response: <KeyPress from None: t=50.0982987999887, value=t, duration=None>
50.1036 	EXP 	New trial (rep=0, index=8): <Trial 8 (8 in rep 0) data={'reward_today': 7, 'future_reward': 20, 'delay': 230, 'thisN': 8, 'thisTrialN': 8, 'thisRepN': 0}>
50.1087 	DATA 	Keypress: t
50.1183 	EXP 	fixation: autoDraw = False
50.1183 	EXP 	text: autoDraw = False
50.1183 	EXP 	text: height = np.float64(0.05)
50.1183 	EXP 	text: height = np.float64(0.05)
50.1183 	EXP 	text: height = np.float64(0.05)
50.1183 	EXP 	text: text = 'GBP 7 today or  GBP 20 after 230 days'
50.1183 	EXP 	fixation: autoDraw = True
50.3041 	EXP 	Device response: <KeyPress from None: t=50.0982987999887, value=t, duration=0.20273870001256>
51.1026 	INFO 	Keyboard events cleared
51.1024 	EXP 	text: autoDraw = True
51.1188 	EXP 	fixation: autoDraw = False
55.1715 	EXP 	Device response: <KeyPress from None: t=55.16370289999759, value=t, duration=None>
55.1718 	EXP 	New trial (rep=0, index=9): <Trial 9 (9 in rep 0) data={'reward_today': 49, 'future_reward': 60, 'delay': 89, 'thisN': 9, 'thisTrialN': 9, 'thisRepN': 0}>
55.1777 	DATA 	Keypress: t
55.1856 	EXP 	fixation: autoDraw = False
55.1856 	EXP 	text: autoDraw = False
55.1856 	EXP 	text: height = np.float64(0.05)
55.1856 	EXP 	text: height = np.float64(0.05)
55.1856 	EXP 	text: height = np.float64(0.05)
55.1856 	EXP 	text: text = 'GBP 49 today or  GBP 60 after 89 days'
55.1856 	EXP 	fixation: autoDraw = True
55.4033 	EXP 	Device response: <KeyPress from None: t=55.16370289999759, value=t, duration=0.22904219999327324>
56.1714 	INFO 	Keyboard events cleared
56.1712 	EXP 	text: autoDraw = True
56.1874 	EXP 	fixation: autoDraw = False
62.5215 	EXP 	Device response: <KeyPress from None: t=62.514607699995395, value=t, duration=None>
62.5219 	EXP 	New trial (rep=0, index=10): <Trial 10 (10 in rep 0) data={'reward_today': 34, 'future_reward': 40, 'delay': 186, 'thisN': 10, 'thisTrialN': 10, 'thisRepN': 0}>
62.5267 	DATA 	Keypress: t
62.5361 	EXP 	fixation: autoDraw = False
62.5361 	EXP 	text: autoDraw = False
62.5361 	EXP 	text: height = np.float64(0.05)
62.5361 	EXP 	text: height = np.float64(0.05)
62.5361 	EXP 	text: height = np.float64(0.05)
62.5361 	EXP 	text: text = 'GBP 34 today or  GBP 40 after 186 days'
62.5361 	EXP 	fixation: autoDraw = True
62.7386 	EXP 	Device response: <KeyPress from None: t=62.514607699995395, value=t, duration=0.20798969999304973>
63.5369 	INFO 	Keyboard events cleared
63.5367 	EXP 	fixation: autoDraw = False
63.5367 	EXP 	text: autoDraw = True
66.2722 	EXP 	Device response: <KeyPress from None: t=66.27131070000178, value=t, duration=None>
66.2733 	DATA 	Keypress: t
66.2874 	EXP 	New trial (rep=0, index=11): <Trial 11 (11 in rep 0) data={'reward_today': 32, 'future_reward': 48, 'delay': 35, 'thisN': 11, 'thisTrialN': 11, 'thisRepN': 0}>
66.3023 	EXP 	fixation: autoDraw = False
66.3023 	EXP 	text: autoDraw = False
66.3023 	EXP 	text: height = np.float64(0.05)
66.3023 	EXP 	text: height = np.float64(0.05)
66.3023 	EXP 	text: height = np.float64(0.05)
66.3023 	EXP 	text: text = 'GBP 32 today or  GBP 48 after 35 days'
66.3023 	EXP 	fixation: autoDraw = True
66.4884 	EXP 	Device response: <KeyPress from None: t=66.27131070000178, value=t, duration=0.20304669998586178>
67.2870 	INFO 	Keyboard events cleared
67.2868 	EXP 	text: autoDraw = True
67.3031 	EXP 	fixation: autoDraw = False
71.8381 	EXP 	Device response: <KeyPress from None: t=71.82476079999469, value=t, duration=None>
71.8385 	EXP 	New trial (rep=0, index=12): <Trial 12 (12 in rep 0) data={'reward_today': 213, 'future_reward': 260, 'delay': 11, 'thisN': 12, 'thisTrialN': 12, 'thisRepN': 0}>
71.8433 	DATA 	Keypress: t
71.8538 	EXP 	fixation: autoDraw = False
71.8538 	EXP 	text: autoDraw = False
71.8538 	EXP 	text: height = np.float64(0.05)
71.8538 	EXP 	text: height = np.float64(0.05)
71.8538 	EXP 	text: height = np.float64(0.05)
71.8538 	EXP 	text: text = 'GBP 213 today or  GBP 260 after 11 days'
71.8538 	EXP 	fixation: autoDraw = True
71.9374 	EXP 	Device response: <KeyPress from None: t=71.82476079999469, value=t, duration=0.11004450000473298>
72.8383 	INFO 	Keyboard events cleared
72.8382 	EXP 	text: autoDraw = True
72.8554 	EXP 	fixation: autoDraw = False
77.8555 	EXP 	Device response: <KeyPress from None: t=77.85110029998759, value=l, duration=None>
77.8559 	EXP 	New trial (rep=0, index=13): <Trial 13 (13 in rep 0) data={'reward_today': 50, 'future_reward': 98, 'delay': 182, 'thisN': 13, 'thisTrialN': 13, 'thisRepN': 0}>
78.0154 	EXP 	Device response: <KeyPress from None: t=77.85110029998759, value=l, duration=0.11472290000529028>
78.0163 	DATA 	Keypress: l
78.0256 	EXP 	fixation: autoDraw = False
78.0256 	EXP 	text: autoDraw = False
78.0256 	EXP 	text: height = np.float64(0.05)
78.0256 	EXP 	text: height = np.float64(0.05)
78.0256 	EXP 	text: height = np.float64(0.05)
78.0256 	EXP 	text: text = 'GBP 50 today or  GBP 98 after 182 days'
78.0256 	EXP 	fixation: autoDraw = True
78.8553 	INFO 	Keyboard events cleared
78.8550 	EXP 	text: autoDraw = True
79.0374 	EXP 	fixation: autoDraw = False
81.8381 	EXP 	Device response: <KeyPress from None: t=81.82383569999365, value=t, duration=None>
81.8386 	EXP 	New trial (rep=0, index=14): <Trial 14 (14 in rep 0) data={'reward_today': 189, 'future_reward': 213, 'delay': 9, 'thisN': 14, 'thisTrialN': 14, 'thisRepN': 0}>
81.8431 	DATA 	Keypress: t
81.8558 	EXP 	fixation: autoDraw = False
81.8558 	EXP 	text: autoDraw = False
81.8558 	EXP 	text: height = np.float64(0.05)
81.8558 	EXP 	text: height = np.float64(0.05)
81.8558 	EXP 	text: height = np.float64(0.05)
81.8558 	EXP 	text: text = 'GBP 189 today or  GBP 213 after 9 days'
81.8558 	EXP 	fixation: autoDraw = True
81.9551 	EXP 	Device response: <KeyPress from None: t=81.82383569999365, value=t, duration=0.12621849999413826>
82.8396 	INFO 	Keyboard events cleared
82.8394 	EXP 	text: autoDraw = True
82.8558 	EXP 	fixation: autoDraw = False
86.9218 	EXP 	Device response: <KeyPress from None: t=86.91127169999527, value=t, duration=None>
86.9221 	EXP 	New trial (rep=0, index=15): <Trial 15 (15 in rep 0) data={'reward_today': 78, 'future_reward': 80, 'delay': 162, 'thisN': 15, 'thisTrialN': 15, 'thisRepN': 0}>
86.9270 	DATA 	Keypress: t
86.9375 	EXP 	fixation: autoDraw = False
86.9375 	EXP 	text: autoDraw = False
86.9375 	EXP 	text: height = np.float64(0.05)
86.9375 	EXP 	text: height = np.float64(0.05)
86.9375 	EXP 	text: height = np.float64(0.05)
86.9375 	EXP 	text: text = 'GBP 78 today or  GBP 80 after 162 days'
86.9375 	EXP 	fixation: autoDraw = True
87.0730 	EXP 	Device response: <KeyPress from None: t=86.91127169999527, value=t, duration=0.15447860000131186>
87.9230 	INFO 	Keyboard events cleared
87.9228 	EXP 	text: autoDraw = True
87.9389 	EXP 	fixation: autoDraw = False
89.9736 	EXP 	Device response: <KeyPress from None: t=89.96362919999228, value=t, duration=None>
89.9740 	EXP 	New trial (rep=0, index=16): <Trial 16 (16 in rep 0) data={'reward_today': 13, 'future_reward': 60, 'delay': 27, 'thisN': 16, 'thisTrialN': 16, 'thisRepN': 0}>
89.9788 	DATA 	Keypress: t
89.9870 	EXP 	fixation: autoDraw = False
89.9870 	EXP 	text: autoDraw = False
89.9870 	EXP 	text: height = np.float64(0.05)
89.9870 	EXP 	text: height = np.float64(0.05)
89.9870 	EXP 	text: height = np.float64(0.05)
89.9870 	EXP 	text: text = 'GBP 13 today or  GBP 60 after 27 days'
89.9870 	EXP 	fixation: autoDraw = True
90.1235 	EXP 	Device response: <KeyPress from None: t=89.96362919999228, value=t, duration=0.150568299999577>
90.9882 	INFO 	Keyboard events cleared
90.9880 	EXP 	fixation: autoDraw = False
90.9880 	EXP 	text: autoDraw = True
94.3256 	DATA 	Keypress: t
94.3386 	EXP 	Device response: <KeyPress from None: t=94.32389529999637, value=t, duration=None>
94.3389 	EXP 	New trial (rep=0, index=17): <Trial 17 (17 in rep 0) data={'reward_today': 12, 'future_reward': 99, 'delay': 90, 'thisN': 17, 'thisTrialN': 17, 'thisRepN': 0}>
94.3565 	EXP 	fixation: autoDraw = False
94.3565 	EXP 	text: autoDraw = False
94.3565 	EXP 	text: height = np.float64(0.05)
94.3565 	EXP 	text: height = np.float64(0.05)
94.3565 	EXP 	text: height = np.float64(0.05)
94.3565 	EXP 	text: text = 'GBP 12 today or  GBP 99 after 90 days'
94.3565 	EXP 	fixation: autoDraw = True
94.5557 	EXP 	Device response: <KeyPress from None: t=94.32389529999637, value=t, duration=0.22339539999666158>
95.3401 	INFO 	Keyboard events cleared
95.3399 	EXP 	text: autoDraw = True
95.3565 	EXP 	fixation: autoDraw = False
101.7893 	EXP 	Device response: <KeyPress from None: t=101.77920359998825, value=t, duration=None>
101.7897 	EXP 	New trial (rep=0, index=18): <Trial 18 (18 in rep 0) data={'reward_today': 48, 'future_reward': 92, 'delay': 111, 'thisN': 18, 'thisTrialN': 18, 'thisRepN': 0}>
101.7943 	DATA 	Keypress: t
101.8072 	EXP 	fixation: autoDraw = False
101.8072 	EXP 	text: autoDraw = False
101.8072 	EXP 	text: height = np.float64(0.05)
101.8072 	EXP 	text: height = np.float64(0.05)
101.8072 	EXP 	text: height = np.float64(0.05)
101.8072 	EXP 	text: text = 'GBP 48 today or  GBP 92 after 111 days'
101.8072 	EXP 	fixation: autoDraw = True
102.1240 	EXP 	Device response: <KeyPress from None: t=101.77920359998825, value=t, duration=0.33305930001370143>
102.7905 	INFO 	Keyboard events cleared
102.7903 	EXP 	text: autoDraw = True
102.8067 	EXP 	fixation: autoDraw = False
115.4767 	DATA 	Keypress: t
115.4902 	EXP 	Device response: <KeyPress from None: t=115.47543489999953, value=t, duration=None>
115.4906 	EXP 	New trial (rep=0, index=19): <Trial 19 (19 in rep 0) data={'reward_today': 46, 'future_reward': 59, 'delay': 61, 'thisN': 19, 'thisTrialN': 19, 'thisRepN': 0}>
115.5077 	EXP 	fixation: autoDraw = False
115.5077 	EXP 	text: autoDraw = False
115.5077 	EXP 	text: height = np.float64(0.05)
115.5077 	EXP 	text: height = np.float64(0.05)
115.5077 	EXP 	text: height = np.float64(0.05)
115.5077 	EXP 	text: text = 'GBP 46 today or  GBP 59 after 61 days'
115.5077 	EXP 	fixation: autoDraw = True
115.6073 	EXP 	Device response: <KeyPress from None: t=115.47543489999953, value=t, duration=0.12886079998861533>
116.4908 	INFO 	Keyboard events cleared
116.4905 	EXP 	text: autoDraw = True
116.5059 	EXP 	fixation: autoDraw = False
120.0068 	EXP 	Device response: <KeyPress from None: t=120.0040680999955, value=t, duration=None>
120.0072 	EXP 	New trial (rep=0, index=20): <Trial 20 (20 in rep 0) data={'reward_today': 206, 'future_reward': 213, 'delay': 72, 'thisN': 20, 'thisTrialN': 20, 'thisRepN': 0}>
120.0144 	DATA 	Keypress: t
120.0223 	EXP 	fixation: autoDraw = False
120.0223 	EXP 	text: autoDraw = False
120.0223 	EXP 	text: height = np.float64(0.05)
120.0223 	EXP 	text: height = np.float64(0.05)
120.0223 	EXP 	text: height = np.float64(0.05)
120.0223 	EXP 	text: text = 'GBP 206 today or  GBP 213 after 72 days'
120.0223 	EXP 	fixation: autoDraw = True
120.0905 	EXP 	Device response: <KeyPress from None: t=120.0040680999955, value=t, duration=0.07119190000230446>
121.0084 	INFO 	Keyboard events cleared
121.0081 	EXP 	text: autoDraw = True
121.0241 	EXP 	fixation: autoDraw = False
125.5241 	EXP 	Device response: <KeyPress from None: t=125.51716059999308, value=t, duration=None>
125.5244 	EXP 	New trial (rep=0, index=21): <Trial 21 (21 in rep 0) data={'reward_today': 118, 'future_reward': 150, 'delay': 93, 'thisN': 21, 'thisTrialN': 21, 'thisRepN': 0}>
125.5292 	DATA 	Keypress: t
125.5419 	EXP 	fixation: autoDraw = False
125.5419 	EXP 	text: autoDraw = False
125.5419 	EXP 	text: height = np.float64(0.05)
125.5419 	EXP 	text: height = np.float64(0.05)
125.5419 	EXP 	text: height = np.float64(0.05)
125.5419 	EXP 	text: text = 'GBP 118 today or  GBP 150 after 93 days'
125.5419 	EXP 	fixation: autoDraw = True
125.6241 	EXP 	Device response: <KeyPress from None: t=125.51716059999308, value=t, duration=0.10473580000689253>
126.5253 	INFO 	Keyboard events cleared
126.5251 	EXP 	text: autoDraw = True
126.5415 	EXP 	fixation: autoDraw = False
133.0254 	EXP 	Device response: <KeyPress from None: t=133.0206782999885, value=t, duration=None>
133.0257 	EXP 	New trial (rep=0, index=22): <Trial 22 (22 in rep 0) data={'reward_today': 115, 'future_reward': 165, 'delay': 203, 'thisN': 22, 'thisTrialN': 22, 'thisRepN': 0}>
133.0305 	DATA 	Keypress: t
133.0400 	EXP 	fixation: autoDraw = False
133.0400 	EXP 	text: autoDraw = False
133.0400 	EXP 	text: height = np.float64(0.05)
133.0400 	EXP 	text: height = np.float64(0.05)
133.0400 	EXP 	text: height = np.float64(0.05)
133.0400 	EXP 	text: text = 'GBP 115 today or  GBP 165 after 203 days'
133.0400 	EXP 	fixation: autoDraw = True
133.1744 	EXP 	Device response: <KeyPress from None: t=133.0206782999885, value=t, duration=0.1518369000114035>
134.0245 	INFO 	Keyboard events cleared
134.0243 	EXP 	text: autoDraw = True
134.0405 	EXP 	fixation: autoDraw = False
136.6422 	EXP 	Device response: <KeyPress from None: t=136.62918779999018, value=t, duration=None>
136.6426 	EXP 	New trial (rep=0, index=23): <Trial 23 (23 in rep 0) data={'reward_today': 98, 'future_reward': 300, 'delay': 45, 'thisN': 23, 'thisTrialN': 23, 'thisRepN': 0}>
136.6475 	DATA 	Keypress: t
136.6563 	EXP 	fixation: autoDraw = False
136.6563 	EXP 	text: autoDraw = False
136.6563 	EXP 	text: height = np.float64(0.05)
136.6563 	EXP 	text: height = np.float64(0.05)
136.6563 	EXP 	text: height = np.float64(0.05)
136.6563 	EXP 	text: text = 'GBP 98 today or  GBP 300 after 45 days'
136.6563 	EXP 	fixation: autoDraw = True
136.8096 	EXP 	Device response: <KeyPress from None: t=136.62918779999018, value=t, duration=0.17204460001084954>
137.6426 	INFO 	Keyboard events cleared
137.6424 	EXP 	text: autoDraw = True
137.6587 	EXP 	fixation: autoDraw = False
150.5583 	EXP 	Device response: <KeyPress from None: t=150.549105699989, value=l, duration=None>
150.5586 	EXP 	New trial (rep=0, index=24): <Trial 24 (24 in rep 0) data={'reward_today': 11, 'future_reward': 30, 'delay': 7, 'thisN': 24, 'thisTrialN': 24, 'thisRepN': 0}>
150.5644 	DATA 	Keypress: l
150.5739 	EXP 	fixation: autoDraw = False
150.5739 	EXP 	text: autoDraw = False
150.5739 	EXP 	text: height = np.float64(0.05)
150.5739 	EXP 	text: height = np.float64(0.05)
150.5739 	EXP 	text: height = np.float64(0.05)
150.5739 	EXP 	text: text = 'GBP 11 today or  GBP 30 after 7 days'
150.5739 	EXP 	fixation: autoDraw = True
150.6754 	EXP 	Device response: <KeyPress from None: t=150.549105699989, value=l, duration=0.11532599999918602>
151.5599 	INFO 	Keyboard events cleared
151.5597 	EXP 	text: autoDraw = True
151.5747 	EXP 	fixation: autoDraw = False
158.9793 	DATA 	Keypress: t
158.9925 	EXP 	Device response: <KeyPress from None: t=158.97821329999715, value=t, duration=None>
158.9929 	EXP 	New trial (rep=0, index=25): <Trial 25 (25 in rep 0) data={'reward_today': 68, 'future_reward': 79, 'delay': 7, 'thisN': 25, 'thisTrialN': 25, 'thisRepN': 0}>
159.0100 	EXP 	fixation: autoDraw = False
159.0100 	EXP 	text: autoDraw = False
159.0100 	EXP 	text: height = np.float64(0.05)
159.0100 	EXP 	text: height = np.float64(0.05)
159.0100 	EXP 	text: height = np.float64(0.05)
159.0100 	EXP 	text: text = 'GBP 68 today or  GBP 79 after 7 days'
159.0100 	EXP 	fixation: autoDraw = True
159.1106 	EXP 	Device response: <KeyPress from None: t=158.97821329999715, value=t, duration=0.12549120000039693>
159.9936 	INFO 	Keyboard events cleared
159.9934 	EXP 	text: autoDraw = True
160.0093 	EXP 	fixation: autoDraw = False
163.3261 	EXP 	Device response: <KeyPress from None: t=163.31286989999353, value=t, duration=None>
163.3265 	EXP 	New trial (rep=0, index=26): <Trial 26 (26 in rep 0) data={'reward_today': 59, 'future_reward': 100, 'delay': 72, 'thisN': 26, 'thisTrialN': 26, 'thisRepN': 0}>
163.3310 	DATA 	Keypress: t
163.3417 	EXP 	fixation: autoDraw = False
163.3417 	EXP 	text: autoDraw = False
163.3417 	EXP 	text: height = np.float64(0.05)
163.3417 	EXP 	text: height = np.float64(0.05)
163.3417 	EXP 	text: height = np.float64(0.05)
163.3417 	EXP 	text: text = 'GBP 59 today or  GBP 100 after 72 days'
163.3417 	EXP 	fixation: autoDraw = True
163.4257 	EXP 	Device response: <KeyPress from None: t=163.31286989999353, value=t, duration=0.10836329999438021>
164.3270 	INFO 	Keyboard events cleared
164.3268 	EXP 	text: autoDraw = True
164.3437 	EXP 	fixation: autoDraw = False
171.7943 	EXP 	Device response: <KeyPress from None: t=171.7892509999947, value=t, duration=None>
171.7946 	EXP 	New trial (rep=0, index=27): <Trial 27 (27 in rep 0) data={'reward_today': 84, 'future_reward': 109, 'delay': 21, 'thisN': 27, 'thisTrialN': 27, 'thisRepN': 0}>
171.7994 	DATA 	Keypress: t
171.8089 	EXP 	fixation: autoDraw = False
171.8089 	EXP 	text: autoDraw = False
171.8089 	EXP 	text: height = np.float64(0.05)
171.8089 	EXP 	text: height = np.float64(0.05)
171.8089 	EXP 	text: height = np.float64(0.05)
171.8089 	EXP 	text: text = 'GBP 84 today or  GBP 109 after 21 days'
171.8089 	EXP 	fixation: autoDraw = True
171.8949 	EXP 	Device response: <KeyPress from None: t=171.7892509999947, value=t, duration=0.08743060000415426>
172.7948 	INFO 	Keyboard events cleared
172.7946 	EXP 	text: autoDraw = True
172.8109 	EXP 	fixation: autoDraw = False
178.3115 	EXP 	Device response: <KeyPress from None: t=178.30421529999876, value=t, duration=None>
178.3119 	EXP 	New trial (rep=0, index=28): <Trial 28 (28 in rep 0) data={'reward_today': 88, 'future_reward': 95, 'delay': 11, 'thisN': 28, 'thisTrialN': 28, 'thisRepN': 0}>
178.3176 	DATA 	Keypress: t
178.3255 	EXP 	fixation: autoDraw = False
178.3255 	EXP 	text: autoDraw = False
178.3255 	EXP 	text: height = np.float64(0.05)
178.3255 	EXP 	text: height = np.float64(0.05)
178.3255 	EXP 	text: height = np.float64(0.05)
178.3255 	EXP 	text: text = 'GBP 88 today or  GBP 95 after 11 days'
178.3255 	EXP 	fixation: autoDraw = True
178.3936 	EXP 	Device response: <KeyPress from None: t=178.30421529999876, value=t, duration=0.08072369999717921>
179.3116 	INFO 	Keyboard events cleared
179.3113 	EXP 	text: autoDraw = True
179.3276 	EXP 	fixation: autoDraw = False
184.1608 	EXP 	Device response: <KeyPress from None: t=184.14917589999095, value=t, duration=None>
184.1612 	EXP 	New trial (rep=0, index=29): <Trial 29 (29 in rep 0) data={'reward_today': 87, 'future_reward': 102, 'delay': 177, 'thisN': 29, 'thisTrialN': 29, 'thisRepN': 0}>
184.1677 	DATA 	Keypress: t
184.1761 	EXP 	fixation: autoDraw = False
184.1761 	EXP 	text: autoDraw = False
184.1761 	EXP 	text: height = np.float64(0.05)
184.1761 	EXP 	text: height = np.float64(0.05)
184.1761 	EXP 	text: height = np.float64(0.05)
184.1761 	EXP 	text: text = 'GBP 87 today or  GBP 102 after 177 days'
184.1761 	EXP 	fixation: autoDraw = True
184.2282 	EXP 	Device response: <KeyPress from None: t=184.14917589999095, value=t, duration=0.07621690000814851>
185.1601 	INFO 	Keyboard events cleared
185.1599 	EXP 	text: autoDraw = True
185.1775 	EXP 	fixation: autoDraw = False
195.8459 	EXP 	Device response: <KeyPress from None: t=195.83132420000038, value=t, duration=None>
195.8462 	EXP 	New trial (rep=0, index=30): <Trial 30 (30 in rep 0) data={'reward_today': 188, 'future_reward': 190, 'delay': 232, 'thisN': 30, 'thisTrialN': 30, 'thisRepN': 0}>
195.8510 	DATA 	Keypress: t
195.8598 	EXP 	fixation: autoDraw = False
195.8598 	EXP 	text: autoDraw = False
195.8598 	EXP 	text: height = np.float64(0.05)
195.8598 	EXP 	text: height = np.float64(0.05)
195.8598 	EXP 	text: height = np.float64(0.05)
195.8598 	EXP 	text: text = 'GBP 188 today or  GBP 190 after 232 days'
195.8598 	EXP 	fixation: autoDraw = True
195.9281 	EXP 	Device response: <KeyPress from None: t=195.83132420000038, value=t, duration=0.08131219999631867>
196.8614 	INFO 	Keyboard events cleared
196.8612 	EXP 	fixation: autoDraw = False
196.8612 	EXP 	text: autoDraw = True
204.2615 	EXP 	Device response: <KeyPress from None: t=204.2507309999928, value=t, duration=None>
204.2618 	EXP 	New trial (rep=0, index=31): <Trial 31 (31 in rep 0) data={'reward_today': 73, 'future_reward': 84, 'delay': 42, 'thisN': 31, 'thisTrialN': 31, 'thisRepN': 0}>
204.2667 	DATA 	Keypress: t
204.2781 	EXP 	fixation: autoDraw = False
204.2781 	EXP 	text: autoDraw = False
204.2781 	EXP 	text: height = np.float64(0.05)
204.2781 	EXP 	text: height = np.float64(0.05)
204.2781 	EXP 	text: height = np.float64(0.05)
204.2781 	EXP 	text: text = 'GBP 73 today or  GBP 84 after 42 days'
204.2781 	EXP 	fixation: autoDraw = True
204.3465 	EXP 	Device response: <KeyPress from None: t=204.2507309999928, value=t, duration=0.08810409999568947>
205.2612 	INFO 	Keyboard events cleared
205.2610 	EXP 	text: autoDraw = True
205.2816 	EXP 	fixation: autoDraw = False
207.6133 	EXP 	Device response: <KeyPress from None: t=207.6060504999914, value=t, duration=None>
207.6136 	EXP 	New trial (rep=0, index=32): <Trial 32 (32 in rep 0) data={'reward_today': 51, 'future_reward': 85, 'delay': 61, 'thisN': 32, 'thisTrialN': 32, 'thisRepN': 0}>
207.6184 	DATA 	Keypress: t
207.6270 	EXP 	fixation: autoDraw = False
207.6270 	EXP 	text: autoDraw = False
207.6270 	EXP 	text: height = np.float64(0.05)
207.6270 	EXP 	text: height = np.float64(0.05)
207.6270 	EXP 	text: height = np.float64(0.05)
207.6270 	EXP 	text: text = 'GBP 51 today or  GBP 85 after 61 days'
207.6270 	EXP 	fixation: autoDraw = True
207.6785 	EXP 	Device response: <KeyPress from None: t=207.6060504999914, value=t, duration=0.06740990000253078>
208.6114 	INFO 	Keyboard events cleared
208.6112 	EXP 	text: autoDraw = True
208.6277 	EXP 	fixation: autoDraw = False
212.5302 	EXP 	Device response: <KeyPress from None: t=212.51765489998797, value=t, duration=None>
212.5306 	EXP 	New trial (rep=0, index=33): <Trial 33 (33 in rep 0) data={'reward_today': 76, 'future_reward': 100, 'delay': 128, 'thisN': 33, 'thisTrialN': 33, 'thisRepN': 0}>
212.5363 	DATA 	Keypress: t
212.5452 	EXP 	fixation: autoDraw = False
212.5452 	EXP 	text: autoDraw = False
212.5452 	EXP 	text: height = np.float64(0.05)
212.5452 	EXP 	text: height = np.float64(0.05)
212.5452 	EXP 	text: height = np.float64(0.05)
212.5452 	EXP 	text: text = 'GBP 76 today or  GBP 100 after 128 days'
212.5452 	EXP 	fixation: autoDraw = True
212.6137 	EXP 	Device response: <KeyPress from None: t=212.51765489998797, value=t, duration=0.08144500000344124>
213.5301 	INFO 	Keyboard events cleared
213.5298 	EXP 	text: autoDraw = True
213.5460 	EXP 	fixation: autoDraw = False
218.7302 	EXP 	Device response: <KeyPress from None: t=218.72518459999992, value=t, duration=None>
218.7306 	EXP 	New trial (rep=0, index=34): <Trial 34 (34 in rep 0) data={'reward_today': 24, 'future_reward': 50, 'delay': 101, 'thisN': 34, 'thisTrialN': 34, 'thisRepN': 0}>
218.7355 	DATA 	Keypress: t
218.7451 	EXP 	fixation: autoDraw = False
218.7451 	EXP 	text: autoDraw = False
218.7451 	EXP 	text: height = np.float64(0.05)
218.7451 	EXP 	text: height = np.float64(0.05)
218.7451 	EXP 	text: height = np.float64(0.05)
218.7451 	EXP 	text: text = 'GBP 24 today or  GBP 50 after 101 days'
218.7451 	EXP 	fixation: autoDraw = True
218.7970 	EXP 	Device response: <KeyPress from None: t=218.72518459999992, value=t, duration=0.0704492999939248>
219.7474 	INFO 	Keyboard events cleared
219.7472 	EXP 	fixation: autoDraw = False
219.7472 	EXP 	text: autoDraw = True
223.5971 	EXP 	Device response: <KeyPress from None: t=223.59422999998787, value=t, duration=None>
223.5975 	EXP 	New trial (rep=0, index=35): <Trial 35 (35 in rep 0) data={'reward_today': 161, 'future_reward': 202, 'delay': 24, 'thisN': 35, 'thisTrialN': 35, 'thisRepN': 0}>
223.6030 	DATA 	Keypress: t
223.6113 	EXP 	fixation: autoDraw = False
223.6113 	EXP 	text: autoDraw = False
223.6113 	EXP 	text: height = np.float64(0.05)
223.6113 	EXP 	text: height = np.float64(0.05)
223.6113 	EXP 	text: height = np.float64(0.05)
223.6113 	EXP 	text: text = 'GBP 161 today or  GBP 202 after 24 days'
223.6113 	EXP 	fixation: autoDraw = True
223.6966 	EXP 	Device response: <KeyPress from None: t=223.59422999998787, value=t, duration=0.09215010001207702>
224.6126 	INFO 	Keyboard events cleared
224.6124 	EXP 	fixation: autoDraw = False
224.6124 	EXP 	text: autoDraw = True
235.0550 	EXP 	Device response: <KeyPress from None: t=235.0467123999988, value=l, duration=None>
235.0554 	EXP 	New trial (rep=0, index=36): <Trial 36 (36 in rep 0) data={'reward_today': 132, 'future_reward': 154, 'delay': 99, 'thisN': 36, 'thisTrialN': 36, 'thisRepN': 0}>
235.0617 	DATA 	Keypress: l
235.0700 	EXP 	fixation: autoDraw = False
235.0700 	EXP 	text: autoDraw = False
235.0700 	EXP 	text: height = np.float64(0.05)
235.0700 	EXP 	text: height = np.float64(0.05)
235.0700 	EXP 	text: height = np.float64(0.05)
235.0700 	EXP 	text: text = 'GBP 132 today or  GBP 154 after 99 days'
235.0700 	EXP 	fixation: autoDraw = True
235.1726 	EXP 	Device response: <KeyPress from None: t=235.0467123999988, value=l, duration=0.11855919999652542>
236.0556 	INFO 	Keyboard events cleared
236.0554 	EXP 	text: autoDraw = True
236.0717 	EXP 	fixation: autoDraw = False
242.5064 	EXP 	Device response: <KeyPress from None: t=242.5031764999876, value=t, duration=None>
242.5068 	EXP 	New trial (rep=0, index=37): <Trial 37 (37 in rep 0) data={'reward_today': 94, 'future_reward': 100, 'delay': 56, 'thisN': 37, 'thisTrialN': 37, 'thisRepN': 0}>
242.5133 	DATA 	Keypress: t
242.5211 	EXP 	fixation: autoDraw = False
242.5211 	EXP 	text: autoDraw = False
242.5211 	EXP 	text: height = np.float64(0.05)
242.5211 	EXP 	text: height = np.float64(0.05)
242.5211 	EXP 	text: height = np.float64(0.05)
242.5211 	EXP 	text: text = 'GBP 94 today or  GBP 100 after 56 days'
242.5211 	EXP 	fixation: autoDraw = True
242.6055 	EXP 	Device response: <KeyPress from None: t=242.5031764999876, value=t, duration=0.08767130000342149>
243.5071 	INFO 	Keyboard events cleared
243.5068 	EXP 	text: autoDraw = True
243.5232 	EXP 	fixation: autoDraw = False
247.6092 	DATA 	Keypress: t
247.6238 	EXP 	Device response: <KeyPress from None: t=247.60856789999525, value=t, duration=None>
247.6243 	EXP 	New trial (rep=0, index=38): <Trial 38 (38 in rep 0) data={'reward_today': 207, 'future_reward': 210, 'delay': 17, 'thisN': 38, 'thisTrialN': 38, 'thisRepN': 0}>
247.6380 	EXP 	fixation: autoDraw = False
247.6380 	EXP 	text: autoDraw = False
247.6380 	EXP 	text: height = np.float64(0.05)
247.6380 	EXP 	text: height = np.float64(0.05)
247.6380 	EXP 	text: height = np.float64(0.05)
247.6380 	EXP 	text: text = 'GBP 207 today or  GBP 210 after 17 days'
247.6380 	EXP 	fixation: autoDraw = True
247.7562 	EXP 	Device response: <KeyPress from None: t=247.60856789999525, value=t, duration=0.14598760000080802>
248.6238 	INFO 	Keyboard events cleared
248.6236 	EXP 	text: autoDraw = True
248.6402 	EXP 	fixation: autoDraw = False
254.6743 	EXP 	Device response: <KeyPress from None: t=254.66147120000096, value=t, duration=None>
254.6746 	EXP 	New trial (rep=0, index=39): <Trial 39 (39 in rep 0) data={'reward_today': 134, 'future_reward': 141, 'delay': 21, 'thisN': 39, 'thisTrialN': 39, 'thisRepN': 0}>
254.6800 	DATA 	Keypress: t
254.6879 	EXP 	fixation: autoDraw = False
254.6879 	EXP 	text: autoDraw = False
254.6879 	EXP 	text: height = np.float64(0.05)
254.6879 	EXP 	text: height = np.float64(0.05)
254.6879 	EXP 	text: height = np.float64(0.05)
254.6879 	EXP 	text: text = 'GBP 134 today or  GBP 141 after 21 days'
254.6879 	EXP 	fixation: autoDraw = True
254.7405 	EXP 	Device response: <KeyPress from None: t=254.66147120000096, value=t, duration=0.07663679998950101>
255.6739 	INFO 	Keyboard events cleared
255.6737 	EXP 	text: autoDraw = True
255.6894 	EXP 	fixation: autoDraw = False
261.1731 	EXP 	Device response: <KeyPress from None: t=261.17036079999525, value=t, duration=None>
261.1734 	EXP 	New trial (rep=0, index=40): <Trial 40 (40 in rep 0) data={'reward_today': 176, 'future_reward': 180, 'delay': 5, 'thisN': 40, 'thisTrialN': 40, 'thisRepN': 0}>
261.1783 	DATA 	Keypress: t
261.1890 	EXP 	fixation: autoDraw = False
261.1890 	EXP 	text: autoDraw = False
261.1890 	EXP 	text: height = np.float64(0.05)
261.1890 	EXP 	text: height = np.float64(0.05)
261.1890 	EXP 	text: height = np.float64(0.05)
261.1890 	EXP 	text: text = 'GBP 176 today or  GBP 180 after 5 days'
261.1890 	EXP 	fixation: autoDraw = True
261.2569 	EXP 	Device response: <KeyPress from None: t=261.17036079999525, value=t, duration=0.07914359999995213>
262.1734 	INFO 	Keyboard events cleared
262.1732 	EXP 	text: autoDraw = True
262.1895 	EXP 	fixation: autoDraw = False
271.5236 	EXP 	Device response: <KeyPress from None: t=271.51771980000194, value=t, duration=None>
271.5239 	EXP 	New trial (rep=0, index=41): <Trial 41 (41 in rep 0) data={'reward_today': 58, 'future_reward': 95, 'delay': 24, 'thisN': 41, 'thisTrialN': 41, 'thisRepN': 0}>
271.5291 	DATA 	Keypress: t
271.5394 	EXP 	fixation: autoDraw = False
271.5394 	EXP 	text: autoDraw = False
271.5394 	EXP 	text: height = np.float64(0.05)
271.5394 	EXP 	text: height = np.float64(0.05)
271.5394 	EXP 	text: height = np.float64(0.05)
271.5394 	EXP 	text: text = 'GBP 58 today or  GBP 95 after 24 days'
271.5394 	EXP 	fixation: autoDraw = True
271.5904 	EXP 	Device response: <KeyPress from None: t=271.51771980000194, value=t, duration=0.058149399992544204>
272.5402 	INFO 	Keyboard events cleared
272.5401 	EXP 	fixation: autoDraw = False
272.5401 	EXP 	text: autoDraw = True
277.7749 	EXP 	Device response: <KeyPress from None: t=277.76865479999105, value=t, duration=None>
277.7752 	EXP 	New trial (rep=0, index=42): <Trial 42 (42 in rep 0) data={'reward_today': 99, 'future_reward': 130, 'delay': 36, 'thisN': 42, 'thisTrialN': 42, 'thisRepN': 0}>
277.7799 	DATA 	Keypress: t
277.7898 	EXP 	fixation: autoDraw = False
277.7898 	EXP 	text: autoDraw = False
277.7898 	EXP 	text: height = np.float64(0.05)
277.7898 	EXP 	text: height = np.float64(0.05)
277.7898 	EXP 	text: height = np.float64(0.05)
277.7898 	EXP 	text: text = 'GBP 99 today or  GBP 130 after 36 days'
277.7898 	EXP 	fixation: autoDraw = True
277.9084 	EXP 	Device response: <KeyPress from None: t=277.76865479999105, value=t, duration=0.12494280000100844>
278.7752 	INFO 	Keyboard events cleared
278.7750 	EXP 	text: autoDraw = True
278.7903 	EXP 	fixation: autoDraw = False
290.0595 	EXP 	Device response: <KeyPress from None: t=290.0483141000004, value=t, duration=None>
290.0599 	EXP 	New trial (rep=0, index=43): <Trial 43 (43 in rep 0) data={'reward_today': 44, 'future_reward': 55, 'delay': 39, 'thisN': 43, 'thisTrialN': 43, 'thisRepN': 0}>
290.0655 	DATA 	Keypress: t
290.0745 	EXP 	fixation: autoDraw = False
290.0745 	EXP 	text: autoDraw = False
290.0745 	EXP 	text: height = np.float64(0.05)
290.0745 	EXP 	text: height = np.float64(0.05)
290.0745 	EXP 	text: height = np.float64(0.05)
290.0745 	EXP 	text: text = 'GBP 44 today or  GBP 55 after 39 days'
290.0745 	EXP 	fixation: autoDraw = True
290.1248 	EXP 	Device response: <KeyPress from None: t=290.0483141000004, value=t, duration=0.07082029999583028>
291.0588 	INFO 	Keyboard events cleared
291.0587 	EXP 	text: autoDraw = True
291.0744 	EXP 	fixation: autoDraw = False
296.0933 	EXP 	Device response: <KeyPress from None: t=296.0842091999948, value=t, duration=None>
296.0937 	EXP 	New trial (rep=0, index=44): <Trial 44 (44 in rep 0) data={'reward_today': 166, 'future_reward': 175, 'delay': 140, 'thisN': 44, 'thisTrialN': 44, 'thisRepN': 0}>
296.0985 	DATA 	Keypress: t
296.1070 	EXP 	fixation: autoDraw = False
296.1070 	EXP 	text: autoDraw = False
296.1070 	EXP 	text: height = np.float64(0.05)
296.1070 	EXP 	text: height = np.float64(0.05)
296.1070 	EXP 	text: height = np.float64(0.05)
296.1070 	EXP 	text: text = 'GBP 166 today or  GBP 175 after 140 days'
296.1070 	EXP 	fixation: autoDraw = True
296.1926 	EXP 	Device response: <KeyPress from None: t=296.0842091999948, value=t, duration=0.09161109999695327>
297.0917 	INFO 	Keyboard events cleared
297.0915 	EXP 	text: autoDraw = True
297.1078 	EXP 	fixation: autoDraw = False
304.8606 	EXP 	Device response: <KeyPress from None: t=304.8580673999968, value=t, duration=None>
304.8609 	EXP 	New trial (rep=0, index=45): <Trial 45 (45 in rep 0) data={'reward_today': 20, 'future_reward': 25, 'delay': 137, 'thisN': 45, 'thisTrialN': 45, 'thisRepN': 0}>
304.8665 	DATA 	Keypress: t
304.8755 	EXP 	fixation: autoDraw = False
304.8755 	EXP 	text: autoDraw = False
304.8755 	EXP 	text: height = np.float64(0.05)
304.8755 	EXP 	text: height = np.float64(0.05)
304.8755 	EXP 	text: height = np.float64(0.05)
304.8755 	EXP 	text: text = 'GBP 20 today or  GBP 25 after 137 days'
304.8755 	EXP 	fixation: autoDraw = True
304.9254 	EXP 	Device response: <KeyPress from None: t=304.8580673999968, value=t, duration=0.06623319999198429>
305.8769 	INFO 	Keyboard events cleared
305.8767 	EXP 	fixation: autoDraw = False
305.8767 	EXP 	text: autoDraw = True
309.5927 	EXP 	Device response: <KeyPress from None: t=309.58133429999, value=t, duration=None>
309.5931 	EXP 	New trial (rep=0, index=46): <Trial 46 (46 in rep 0) data={'reward_today': 85, 'future_reward': 120, 'delay': 16, 'thisN': 46, 'thisTrialN': 46, 'thisRepN': 0}>
309.5979 	DATA 	Keypress: t
309.6080 	EXP 	fixation: autoDraw = False
309.6080 	EXP 	text: autoDraw = False
309.6080 	EXP 	text: height = np.float64(0.05)
309.6080 	EXP 	text: height = np.float64(0.05)
309.6080 	EXP 	text: height = np.float64(0.05)
309.6080 	EXP 	text: text = 'GBP 85 today or  GBP 120 after 16 days'
309.6080 	EXP 	fixation: autoDraw = True
309.6593 	EXP 	Device response: <KeyPress from None: t=309.58133429999, value=t, duration=0.06970750000618864>
310.5927 	INFO 	Keyboard events cleared
310.5925 	EXP 	text: autoDraw = True
310.6103 	EXP 	fixation: autoDraw = False
317.0100 	EXP 	Device response: <KeyPress from None: t=317.0061252999876, value=l, duration=None>
317.0104 	EXP 	New trial (rep=0, index=47): <Trial 47 (47 in rep 0) data={'reward_today': 27, 'future_reward': 50, 'delay': 21, 'thisN': 47, 'thisTrialN': 47, 'thisRepN': 0}>
317.0158 	DATA 	Keypress: l
317.0255 	EXP 	fixation: autoDraw = False
317.0255 	EXP 	text: autoDraw = False
317.0255 	EXP 	text: height = np.float64(0.05)
317.0255 	EXP 	text: height = np.float64(0.05)
317.0255 	EXP 	text: height = np.float64(0.05)
317.0255 	EXP 	text: text = 'GBP 27 today or  GBP 50 after 21 days'
317.0255 	EXP 	fixation: autoDraw = True
317.1096 	EXP 	Device response: <KeyPress from None: t=317.0061252999876, value=l, duration=0.10248370000044815>
318.0092 	INFO 	Keyboard events cleared
318.0090 	EXP 	text: autoDraw = True
318.0265 	EXP 	fixation: autoDraw = False
320.2275 	EXP 	Device response: <KeyPress from None: t=320.2218881000008, value=t, duration=None>
320.2279 	EXP 	New trial (rep=0, index=48): <Trial 48 (48 in rep 0) data={'reward_today': 40, 'future_reward': 55, 'delay': 62, 'thisN': 48, 'thisTrialN': 48, 'thisRepN': 0}>
320.2330 	DATA 	Keypress: t
320.2417 	EXP 	fixation: autoDraw = False
320.2417 	EXP 	text: autoDraw = False
320.2417 	EXP 	text: height = np.float64(0.05)
320.2417 	EXP 	text: height = np.float64(0.05)
320.2417 	EXP 	text: height = np.float64(0.05)
320.2417 	EXP 	text: text = 'GBP 40 today or  GBP 55 after 62 days'
320.2417 	EXP 	fixation: autoDraw = True
320.3763 	EXP 	Device response: <KeyPress from None: t=320.2218881000008, value=t, duration=0.151811199990334>
321.2438 	INFO 	Keyboard events cleared
321.2436 	EXP 	fixation: autoDraw = False
321.2436 	EXP 	text: autoDraw = True
325.0611 	EXP 	Device response: <KeyPress from None: t=325.05976720000035, value=t, duration=None>
325.0613 	EXP 	New trial (rep=0, index=49): <Trial 49 (49 in rep 0) data={'reward_today': 15, 'future_reward': 35, 'delay': 13, 'thisN': 49, 'thisTrialN': 49, 'thisRepN': 0}>
325.0663 	DATA 	Keypress: t
325.0766 	EXP 	fixation: autoDraw = False
325.0766 	EXP 	text: autoDraw = False
325.0766 	EXP 	text: height = np.float64(0.05)
325.0766 	EXP 	text: height = np.float64(0.05)
325.0766 	EXP 	text: height = np.float64(0.05)
325.0766 	EXP 	text: text = 'GBP 15 today or  GBP 35 after 13 days'
325.0766 	EXP 	fixation: autoDraw = True
325.2271 	EXP 	Device response: <KeyPress from None: t=325.05976720000035, value=t, duration=0.15106259999447502>
326.0779 	INFO 	Keyboard events cleared
326.0777 	EXP 	fixation: autoDraw = False
326.0777 	EXP 	text: autoDraw = True
329.9951 	EXP 	Device response: <KeyPress from None: t=329.9817078999913, value=t, duration=None>
329.9955 	EXP 	New trial (rep=0, index=50): <Trial 50 (50 in rep 0) data={'reward_today': 11, 'future_reward': 51, 'delay': 64, 'thisN': 50, 'thisTrialN': 50, 'thisRepN': 0}>
330.0005 	DATA 	Keypress: t
330.0099 	EXP 	fixation: autoDraw = False
330.0099 	EXP 	text: autoDraw = False
330.0099 	EXP 	text: height = np.float64(0.05)
330.0099 	EXP 	text: height = np.float64(0.05)
330.0099 	EXP 	text: height = np.float64(0.05)
330.0099 	EXP 	text: text = 'GBP 11 today or  GBP 51 after 64 days'
330.0099 	EXP 	fixation: autoDraw = True
330.1446 	EXP 	Device response: <KeyPress from None: t=329.9817078999913, value=t, duration=0.1513417000096524>
330.9937 	INFO 	Keyboard events cleared
330.9935 	EXP 	text: autoDraw = True
331.0096 	EXP 	fixation: autoDraw = False
334.8787 	EXP 	Device response: <KeyPress from None: t=334.87645909999264, value=t, duration=None>
334.8790 	EXP 	New trial (rep=0, index=51): <Trial 51 (51 in rep 0) data={'reward_today': 123, 'future_reward': 142, 'delay': 61, 'thisN': 51, 'thisTrialN': 51, 'thisRepN': 0}>
334.8844 	DATA 	Keypress: t
334.8931 	EXP 	fixation: autoDraw = False
334.8931 	EXP 	text: autoDraw = False
334.8931 	EXP 	text: height = np.float64(0.05)
334.8931 	EXP 	text: height = np.float64(0.05)
334.8931 	EXP 	text: height = np.float64(0.05)
334.8931 	EXP 	text: text = 'GBP 123 today or  GBP 142 after 61 days'
334.8931 	EXP 	fixation: autoDraw = True
335.0443 	EXP 	Device response: <KeyPress from None: t=334.87645909999264, value=t, duration=0.16179729999566916>
335.8947 	INFO 	Keyboard events cleared
335.8945 	EXP 	fixation: autoDraw = False
335.8945 	EXP 	text: autoDraw = True
341.1803 	DATA 	Keypress: t
341.1940 	EXP 	Device response: <KeyPress from None: t=341.17871829999785, value=t, duration=None>
341.1945 	EXP 	New trial (rep=0, index=52): <Trial 52 (52 in rep 0) data={'reward_today': 158, 'future_reward': 188, 'delay': 151, 'thisN': 52, 'thisTrialN': 52, 'thisRepN': 0}>
341.2120 	EXP 	fixation: autoDraw = False
341.2120 	EXP 	text: autoDraw = False
341.2120 	EXP 	text: height = np.float64(0.05)
341.2120 	EXP 	text: height = np.float64(0.05)
341.2120 	EXP 	text: height = np.float64(0.05)
341.2120 	EXP 	text: text = 'GBP 158 today or  GBP 188 after 151 days'
341.2120 	EXP 	fixation: autoDraw = True
341.3283 	EXP 	Device response: <KeyPress from None: t=341.17871829999785, value=t, duration=0.14820339999278076>
342.1956 	INFO 	Keyboard events cleared
342.1954 	EXP 	text: autoDraw = True
342.2115 	EXP 	fixation: autoDraw = False
345.2943 	EXP 	Device response: <KeyPress from None: t=345.2834164999949, value=t, duration=None>
345.2946 	EXP 	New trial (rep=0, index=53): <Trial 53 (53 in rep 0) data={'reward_today': 25, 'future_reward': 32, 'delay': 16, 'thisN': 53, 'thisTrialN': 53, 'thisRepN': 0}>
345.3010 	DATA 	Keypress: t
345.3101 	EXP 	fixation: autoDraw = False
345.3101 	EXP 	text: autoDraw = False
345.3101 	EXP 	text: height = np.float64(0.05)
345.3101 	EXP 	text: height = np.float64(0.05)
345.3101 	EXP 	text: height = np.float64(0.05)
345.3101 	EXP 	text: text = 'GBP 25 today or  GBP 32 after 16 days'
345.3101 	EXP 	fixation: autoDraw = True
345.4444 	EXP 	Device response: <KeyPress from None: t=345.2834164999949, value=t, duration=0.1566752000071574>
346.2959 	INFO 	Keyboard events cleared
346.2957 	EXP 	text: autoDraw = True
346.3122 	EXP 	fixation: autoDraw = False
347.8626 	EXP 	Device response: <KeyPress from None: t=347.8488791999989, value=t, duration=None>
347.8631 	EXP 	New trial (rep=0, index=54): <Trial 54 (54 in rep 0) data={'reward_today': 216, 'future_reward': 248, 'delay': 157, 'thisN': 54, 'thisTrialN': 54, 'thisRepN': 0}>
347.8684 	DATA 	Keypress: t
347.8774 	EXP 	fixation: autoDraw = False
347.8774 	EXP 	text: autoDraw = False
347.8774 	EXP 	text: height = np.float64(0.05)
347.8774 	EXP 	text: height = np.float64(0.05)
347.8774 	EXP 	text: height = np.float64(0.05)
347.8774 	EXP 	text: text = 'GBP 216 today or  GBP 248 after 157 days'
347.8774 	EXP 	fixation: autoDraw = True
348.0282 	EXP 	Device response: <KeyPress from None: t=347.8488791999989, value=t, duration=0.16903579999052454>
348.8785 	INFO 	Keyboard events cleared
348.8783 	EXP 	fixation: autoDraw = False
348.8783 	EXP 	text: autoDraw = True
356.0799 	EXP 	Device response: <KeyPress from None: t=356.07154679999803, value=t, duration=None>
356.0802 	EXP 	New trial (rep=0, index=55): <Trial 55 (55 in rep 0) data={'reward_today': 106, 'future_reward': 207, 'delay': 184, 'thisN': 55, 'thisTrialN': 55, 'thisRepN': 0}>
356.0857 	DATA 	Keypress: t
356.0937 	EXP 	fixation: autoDraw = False
356.0937 	EXP 	text: autoDraw = False
356.0937 	EXP 	text: height = np.float64(0.05)
356.0937 	EXP 	text: height = np.float64(0.05)
356.0937 	EXP 	text: height = np.float64(0.05)
356.0937 	EXP 	text: text = 'GBP 106 today or  GBP 207 after 184 days'
356.0937 	EXP 	fixation: autoDraw = True
356.2457 	EXP 	Device response: <KeyPress from None: t=356.07154679999803, value=t, duration=0.16254330000083428>
357.0784 	INFO 	Keyboard events cleared
357.0781 	EXP 	text: autoDraw = True
357.0952 	EXP 	fixation: autoDraw = False
361.0796 	EXP 	Device response: <KeyPress from None: t=361.0761855000019, value=t, duration=None>
361.0799 	EXP 	New trial (rep=0, index=56): <Trial 56 (56 in rep 0) data={'reward_today': 39, 'future_reward': 67, 'delay': 93, 'thisN': 56, 'thisTrialN': 56, 'thisRepN': 0}>
361.0846 	DATA 	Keypress: t
361.0944 	EXP 	fixation: autoDraw = False
361.0944 	EXP 	text: autoDraw = False
361.0944 	EXP 	text: height = np.float64(0.05)
361.0944 	EXP 	text: height = np.float64(0.05)
361.0944 	EXP 	text: height = np.float64(0.05)
361.0944 	EXP 	text: text = 'GBP 39 today or  GBP 67 after 93 days'
361.0944 	EXP 	fixation: autoDraw = True
361.2455 	EXP 	Device response: <KeyPress from None: t=361.0761855000019, value=t, duration=0.16777619998902082>
362.0786 	INFO 	Keyboard events cleared
362.0784 	EXP 	text: autoDraw = True
362.0947 	EXP 	fixation: autoDraw = False
365.0129 	EXP 	Device response: <KeyPress from None: t=365.0111762000015, value=t, duration=None>
365.0133 	EXP 	New trial (rep=0, index=57): <Trial 57 (57 in rep 0) data={'reward_today': 172, 'future_reward': 200, 'delay': 99, 'thisN': 57, 'thisTrialN': 57, 'thisRepN': 0}>
365.0211 	DATA 	Keypress: t
365.0287 	EXP 	fixation: autoDraw = False
365.0287 	EXP 	text: autoDraw = False
365.0287 	EXP 	text: height = np.float64(0.05)
365.0287 	EXP 	text: height = np.float64(0.05)
365.0287 	EXP 	text: height = np.float64(0.05)
365.0287 	EXP 	text: text = 'GBP 172 today or  GBP 200 after 99 days'
365.0287 	EXP 	fixation: autoDraw = True
365.1966 	EXP 	Device response: <KeyPress from None: t=365.0111762000015, value=t, duration=0.1821872999862535>
366.0304 	INFO 	Keyboard events cleared
366.0302 	EXP 	fixation: autoDraw = False
366.0302 	EXP 	text: autoDraw = True
374.6129 	EXP 	Device response: <KeyPress from None: t=374.5980913999956, value=t, duration=None>
374.6133 	EXP 	New trial (rep=0, index=58): <Trial 58 (58 in rep 0) data={'reward_today': 144, 'future_reward': 187, 'delay': 33, 'thisN': 58, 'thisTrialN': 58, 'thisRepN': 0}>
374.6183 	DATA 	Keypress: t
374.6287 	EXP 	fixation: autoDraw = False
374.6287 	EXP 	text: autoDraw = False
374.6287 	EXP 	text: height = np.float64(0.05)
374.6287 	EXP 	text: height = np.float64(0.05)
374.6287 	EXP 	text: height = np.float64(0.05)
374.6287 	EXP 	text: text = 'GBP 144 today or  GBP 187 after 33 days'
374.6287 	EXP 	fixation: autoDraw = True
374.8628 	EXP 	Device response: <KeyPress from None: t=374.5980913999956, value=t, duration=0.26286509999772534>
375.6127 	INFO 	Keyboard events cleared
375.6125 	EXP 	text: autoDraw = True
375.6307 	EXP 	fixation: autoDraw = False
377.8131 	EXP 	Device response: <KeyPress from None: t=377.79979549998825, value=t, duration=None>
377.8135 	EXP 	New trial (rep=0, index=59): <Trial 59 (59 in rep 0) data={'reward_today': 63, 'future_reward': 75, 'delay': 19, 'thisN': 59, 'thisTrialN': 59, 'thisRepN': 0}>
377.8184 	DATA 	Keypress: t
377.8288 	EXP 	fixation: autoDraw = False
377.8288 	EXP 	text: autoDraw = False
377.8288 	EXP 	text: height = np.float64(0.05)
377.8288 	EXP 	text: height = np.float64(0.05)
377.8288 	EXP 	text: height = np.float64(0.05)
377.8288 	EXP 	text: text = 'GBP 63 today or  GBP 75 after 19 days'
377.8288 	EXP 	fixation: autoDraw = True
378.1803 	EXP 	Device response: <KeyPress from None: t=377.79979549998825, value=t, duration=0.3767084000137402>
378.8144 	INFO 	Keyboard events cleared
378.8141 	EXP 	text: autoDraw = True
378.8310 	EXP 	fixation: autoDraw = False
382.0999 	DATA 	Keypress: t
382.1138 	EXP 	Device response: <KeyPress from None: t=382.09927900000184, value=t, duration=None>
382.1140 	EXP 	New trial (rep=0, index=60): <Trial 60 (60 in rep 0) data={'reward_today': 66, 'future_reward': 110, 'delay': 10, 'thisN': 60, 'thisTrialN': 60, 'thisRepN': 0}>
382.1306 	EXP 	fixation: autoDraw = False
382.1306 	EXP 	text: autoDraw = False
382.1306 	EXP 	text: height = np.float64(0.05)
382.1306 	EXP 	text: height = np.float64(0.05)
382.1306 	EXP 	text: height = np.float64(0.05)
382.1306 	EXP 	text: text = 'GBP 66 today or  GBP 110 after 10 days'
382.1306 	EXP 	fixation: autoDraw = True
382.2970 	EXP 	Device response: <KeyPress from None: t=382.09927900000184, value=t, duration=0.1896394999930635>
383.1128 	INFO 	Keyboard events cleared
383.1125 	EXP 	text: autoDraw = True
383.1479 	EXP 	fixation: autoDraw = False
392.3987 	EXP 	Device response: <KeyPress from None: t=392.3977954000002, value=l, duration=None>
392.3992 	EXP 	New trial (rep=0, index=61): <Trial 61 (61 in rep 0) data={'reward_today': 68, 'future_reward': 94, 'delay': 15, 'thisN': 61, 'thisTrialN': 61, 'thisRepN': 0}>
392.4054 	DATA 	Keypress: l
392.4142 	EXP 	fixation: autoDraw = False
392.4142 	EXP 	text: autoDraw = False
392.4142 	EXP 	text: height = np.float64(0.05)
392.4142 	EXP 	text: height = np.float64(0.05)
392.4142 	EXP 	text: height = np.float64(0.05)
392.4142 	EXP 	text: text = 'GBP 68 today or  GBP 94 after 15 days'
392.4142 	EXP 	fixation: autoDraw = True
392.4984 	EXP 	Device response: <KeyPress from None: t=392.3977954000002, value=l, duration=0.09834739999496378>
393.4152 	INFO 	Keyboard events cleared
393.4149 	EXP 	fixation: autoDraw = False
393.4149 	EXP 	text: autoDraw = True
401.9313 	EXP 	Device response: <KeyPress from None: t=401.91557929999544, value=t, duration=None>
401.9318 	EXP 	New trial (rep=0, index=62): <Trial 62 (62 in rep 0) data={'reward_today': 52, 'future_reward': 86, 'delay': 243, 'thisN': 62, 'thisTrialN': 62, 'thisRepN': 0}>
401.9362 	DATA 	Keypress: t
401.9497 	EXP 	fixation: autoDraw = False
401.9497 	EXP 	text: autoDraw = False
401.9497 	EXP 	text: height = np.float64(0.05)
401.9497 	EXP 	text: height = np.float64(0.05)
401.9497 	EXP 	text: height = np.float64(0.05)
401.9497 	EXP 	text: text = 'GBP 52 today or  GBP 86 after 243 days'
401.9497 	EXP 	fixation: autoDraw = True
402.1820 	EXP 	Device response: <KeyPress from None: t=401.91557929999544, value=t, duration=0.2634704999945825>
402.9323 	INFO 	Keyboard events cleared
402.9321 	EXP 	text: autoDraw = True
402.9472 	EXP 	fixation: autoDraw = False
415.0495 	EXP 	Device response: <KeyPress from None: t=415.0465680999914, value=t, duration=None>
415.0499 	EXP 	New trial (rep=0, index=63): <Trial 63 (63 in rep 0) data={'reward_today': 81, 'future_reward': 90, 'delay': 12, 'thisN': 63, 'thisTrialN': 63, 'thisRepN': 0}>
415.0555 	DATA 	Keypress: t
415.0637 	EXP 	fixation: autoDraw = False
415.0637 	EXP 	text: autoDraw = False
415.0637 	EXP 	text: height = np.float64(0.05)
415.0637 	EXP 	text: height = np.float64(0.05)
415.0637 	EXP 	text: height = np.float64(0.05)
415.0637 	EXP 	text: text = 'GBP 81 today or  GBP 90 after 12 days'
415.0637 	EXP 	fixation: autoDraw = True
415.3166 	EXP 	Device response: <KeyPress from None: t=415.0465680999914, value=t, duration=0.26219720000517555>
416.0490 	INFO 	Keyboard events cleared
416.0488 	EXP 	text: autoDraw = True
416.0647 	EXP 	fixation: autoDraw = False
419.4988 	EXP 	Device response: <KeyPress from None: t=419.48544029999175, value=t, duration=None>
419.4992 	EXP 	New trial (rep=0, index=64): <Trial 64 (64 in rep 0) data={'reward_today': 79, 'future_reward': 80, 'delay': 77, 'thisN': 64, 'thisTrialN': 64, 'thisRepN': 0}>
419.5041 	DATA 	Keypress: t
419.5173 	EXP 	fixation: autoDraw = False
419.5173 	EXP 	text: autoDraw = False
419.5173 	EXP 	text: height = np.float64(0.05)
419.5173 	EXP 	text: height = np.float64(0.05)
419.5173 	EXP 	text: height = np.float64(0.05)
419.5173 	EXP 	text: text = 'GBP 79 today or  GBP 80 after 77 days'
419.5173 	EXP 	fixation: autoDraw = True
419.7156 	EXP 	Device response: <KeyPress from None: t=419.48544029999175, value=t, duration=0.22230120000313036>
420.4998 	INFO 	Keyboard events cleared
420.4996 	EXP 	text: autoDraw = True
420.5333 	EXP 	fixation: autoDraw = False
423.6322 	EXP 	Device response: <KeyPress from None: t=423.6246886000008, value=t, duration=None>
423.6326 	EXP 	New trial (rep=0, index=65): <Trial 65 (65 in rep 0) data={'reward_today': 155, 'future_reward': 160, 'delay': 27, 'thisN': 65, 'thisTrialN': 65, 'thisRepN': 0}>
423.6395 	DATA 	Keypress: t
423.6480 	EXP 	fixation: autoDraw = False
423.6480 	EXP 	text: autoDraw = False
423.6480 	EXP 	text: height = np.float64(0.05)
423.6480 	EXP 	text: height = np.float64(0.05)
423.6480 	EXP 	text: height = np.float64(0.05)
423.6480 	EXP 	text: text = 'GBP 155 today or  GBP 160 after 27 days'
423.6480 	EXP 	fixation: autoDraw = True
423.7654 	EXP 	Device response: <KeyPress from None: t=423.6246886000008, value=t, duration=0.13631239999085665>
424.6331 	INFO 	Keyboard events cleared
424.6329 	EXP 	text: autoDraw = True
424.6502 	EXP 	fixation: autoDraw = False
425.6993 	EXP 	Device response: <KeyPress from None: t=425.69868689999566, value=t, duration=None>
425.6996 	EXP 	New trial (rep=0, index=66): <Trial 66 (66 in rep 0) data={'reward_today': 61, 'future_reward': 65, 'delay': 178, 'thisN': 66, 'thisTrialN': 66, 'thisRepN': 0}>
425.7041 	DATA 	Keypress: t
425.7178 	EXP 	fixation: autoDraw = False
425.7178 	EXP 	text: autoDraw = False
425.7178 	EXP 	text: height = np.float64(0.05)
425.7178 	EXP 	text: height = np.float64(0.05)
425.7178 	EXP 	text: height = np.float64(0.05)
425.7178 	EXP 	text: text = 'GBP 61 today or  GBP 65 after 178 days'
425.7178 	EXP 	fixation: autoDraw = True
425.9835 	EXP 	Device response: <KeyPress from None: t=425.69868689999566, value=t, duration=0.2828927999944426>
426.6988 	INFO 	Keyboard events cleared
426.6986 	EXP 	text: autoDraw = True
426.7330 	EXP 	fixation: autoDraw = False
430.4672 	DATA 	Keypress: t
430.4829 	EXP 	Device response: <KeyPress from None: t=430.46648370000185, value=t, duration=None>
430.4833 	EXP 	New trial (rep=0, index=67): <Trial 67 (67 in rep 0) data={'reward_today': 87, 'future_reward': 97, 'delay': 132, 'thisN': 67, 'thisTrialN': 67, 'thisRepN': 0}>
430.4986 	EXP 	fixation: autoDraw = False
430.4986 	EXP 	text: autoDraw = False
430.4986 	EXP 	text: height = np.float64(0.05)
430.4986 	EXP 	text: height = np.float64(0.05)
430.4986 	EXP 	text: height = np.float64(0.05)
430.4986 	EXP 	text: text = 'GBP 87 today or  GBP 97 after 132 days'
430.4986 	EXP 	fixation: autoDraw = True
430.5827 	EXP 	Device response: <KeyPress from None: t=430.46648370000185, value=t, duration=0.11100179998902604>
431.4841 	INFO 	Keyboard events cleared
431.4839 	EXP 	text: autoDraw = True
431.4999 	EXP 	fixation: autoDraw = False
436.6331 	EXP 	Device response: <KeyPress from None: t=436.62234129999706, value=t, duration=None>
436.6335 	EXP 	New trial (rep=0, index=68): <Trial 68 (68 in rep 0) data={'reward_today': 156, 'future_reward': 210, 'delay': 120, 'thisN': 68, 'thisTrialN': 68, 'thisRepN': 0}>
436.6383 	DATA 	Keypress: t
436.6519 	EXP 	fixation: autoDraw = False
436.6519 	EXP 	text: autoDraw = False
436.6519 	EXP 	text: height = np.float64(0.05)
436.6519 	EXP 	text: height = np.float64(0.05)
436.6519 	EXP 	text: height = np.float64(0.05)
436.6519 	EXP 	text: text = 'GBP 156 today or  GBP 210 after 120 days'
436.6519 	EXP 	fixation: autoDraw = True
436.7503 	EXP 	Device response: <KeyPress from None: t=436.62234129999706, value=t, duration=0.12027959999977611>
437.6340 	INFO 	Keyboard events cleared
437.6338 	EXP 	text: autoDraw = True
437.6662 	EXP 	fixation: autoDraw = False
439.7515 	EXP 	Device response: <KeyPress from None: t=439.7492162999988, value=t, duration=None>
439.7519 	EXP 	New trial (rep=0, index=69): <Trial 69 (69 in rep 0) data={'reward_today': 54, 'future_reward': 69, 'delay': 52, 'thisN': 69, 'thisTrialN': 69, 'thisRepN': 0}>
439.7575 	DATA 	Keypress: t
439.7661 	EXP 	fixation: autoDraw = False
439.7661 	EXP 	text: autoDraw = False
439.7661 	EXP 	text: height = np.float64(0.05)
439.7661 	EXP 	text: height = np.float64(0.05)
439.7661 	EXP 	text: height = np.float64(0.05)
439.7661 	EXP 	text: text = 'GBP 54 today or  GBP 69 after 52 days'
439.7661 	EXP 	fixation: autoDraw = True
439.8671 	EXP 	Device response: <KeyPress from None: t=439.7492162999988, value=t, duration=0.1061148000007961>
440.7671 	INFO 	Keyboard events cleared
440.7669 	EXP 	fixation: autoDraw = False
440.7669 	EXP 	text: autoDraw = True
443.1839 	EXP 	Device response: <KeyPress from None: t=443.1703579999885, value=t, duration=None>
443.1843 	EXP 	New trial (rep=0, index=70): <Trial 70 (70 in rep 0) data={'reward_today': 90, 'future_reward': 143, 'delay': 58, 'thisN': 70, 'thisTrialN': 70, 'thisRepN': 0}>
443.1894 	DATA 	Keypress: t
443.2000 	EXP 	fixation: autoDraw = False
443.2000 	EXP 	text: autoDraw = False
443.2000 	EXP 	text: height = np.float64(0.05)
443.2000 	EXP 	text: height = np.float64(0.05)
443.2000 	EXP 	text: height = np.float64(0.05)
443.2000 	EXP 	text: text = 'GBP 90 today or  GBP 143 after 58 days'
443.2000 	EXP 	fixation: autoDraw = True
443.2843 	EXP 	Device response: <KeyPress from None: t=443.1703579999885, value=t, duration=0.11066610000852961>
444.2003 	INFO 	Keyboard events cleared
444.2001 	EXP 	fixation: autoDraw = False
444.2001 	EXP 	text: autoDraw = True
446.8671 	EXP 	Device response: <KeyPress from None: t=446.86310199998843, value=t, duration=None>
446.8675 	EXP 	New trial (rep=0, index=71): <Trial 71 (71 in rep 0) data={'reward_today': 104, 'future_reward': 110, 'delay': 48, 'thisN': 71, 'thisTrialN': 71, 'thisRepN': 0}>
446.8726 	DATA 	Keypress: t
446.8826 	EXP 	fixation: autoDraw = False
446.8826 	EXP 	text: autoDraw = False
446.8826 	EXP 	text: height = np.float64(0.05)
446.8826 	EXP 	text: height = np.float64(0.05)
446.8826 	EXP 	text: height = np.float64(0.05)
446.8826 	EXP 	text: text = 'GBP 104 today or  GBP 110 after 48 days'
446.8826 	EXP 	fixation: autoDraw = True
447.0170 	EXP 	Device response: <KeyPress from None: t=446.86310199998843, value=t, duration=0.1453528000129154>
447.8842 	INFO 	Keyboard events cleared
447.8840 	EXP 	fixation: autoDraw = False
447.8840 	EXP 	text: autoDraw = True
450.9509 	EXP 	Device response: <KeyPress from None: t=450.94841689999157, value=t, duration=None>
450.9513 	EXP 	New trial (rep=0, index=72): <Trial 72 (72 in rep 0) data={'reward_today': 76, 'future_reward': 100, 'delay': 205, 'thisN': 72, 'thisTrialN': 72, 'thisRepN': 0}>
450.9570 	DATA 	Keypress: t
450.9662 	EXP 	fixation: autoDraw = False
450.9662 	EXP 	text: autoDraw = False
450.9662 	EXP 	text: height = np.float64(0.05)
450.9662 	EXP 	text: height = np.float64(0.05)
450.9662 	EXP 	text: height = np.float64(0.05)
450.9662 	EXP 	text: text = 'GBP 76 today or  GBP 100 after 205 days'
450.9662 	EXP 	fixation: autoDraw = True
451.0014 	EXP 	Device response: <KeyPress from None: t=450.94841689999157, value=t, duration=0.04978800000390038>
451.9668 	INFO 	Keyboard events cleared
451.9666 	EXP 	fixation: autoDraw = False
451.9666 	EXP 	text: autoDraw = True
453.7175 	EXP 	Device response: <KeyPress from None: t=453.70902449999994, value=t, duration=None>
453.7178 	EXP 	New trial (rep=0, index=73): <Trial 73 (73 in rep 0) data={'reward_today': 37, 'future_reward': 95, 'delay': 9, 'thisN': 73, 'thisTrialN': 73, 'thisRepN': 0}>
453.7232 	DATA 	Keypress: t
453.7334 	EXP 	fixation: autoDraw = False
453.7334 	EXP 	text: autoDraw = False
453.7334 	EXP 	text: height = np.float64(0.05)
453.7334 	EXP 	text: height = np.float64(0.05)
453.7334 	EXP 	text: height = np.float64(0.05)
453.7334 	EXP 	text: text = 'GBP 37 today or  GBP 95 after 9 days'
453.7334 	EXP 	fixation: autoDraw = True
453.7670 	EXP 	Device response: <KeyPress from None: t=453.70902449999994, value=t, duration=0.05631319999520201>
454.7183 	INFO 	Keyboard events cleared
454.7181 	EXP 	text: autoDraw = True
454.7352 	EXP 	fixation: autoDraw = False
463.4681 	EXP 	Device response: <KeyPress from None: t=463.4590353999956, value=l, duration=None>
463.4685 	EXP 	New trial (rep=0, index=74): <Trial 74 (74 in rep 0) data={'reward_today': 181, 'future_reward': 209, 'delay': 22, 'thisN': 74, 'thisTrialN': 74, 'thisRepN': 0}>
463.4731 	DATA 	Keypress: l
463.4839 	EXP 	fixation: autoDraw = False
463.4839 	EXP 	text: autoDraw = False
463.4839 	EXP 	text: height = np.float64(0.05)
463.4839 	EXP 	text: height = np.float64(0.05)
463.4839 	EXP 	text: height = np.float64(0.05)
463.4839 	EXP 	text: text = 'GBP 181 today or  GBP 209 after 22 days'
463.4839 	EXP 	fixation: autoDraw = True
463.5356 	EXP 	Device response: <KeyPress from None: t=463.4590353999956, value=l, duration=0.06815029999415856>
464.4846 	INFO 	Keyboard events cleared
464.4843 	EXP 	fixation: autoDraw = False
464.4843 	EXP 	text: autoDraw = True
469.3374 	DATA 	Keypress: t
469.3515 	EXP 	Device response: <KeyPress from None: t=469.3354469999904, value=t, duration=None>
469.3518 	EXP 	New trial (rep=0, index=75): <Trial 75 (75 in rep 0) data={'reward_today': 215, 'future_reward': 250, 'delay': 82, 'thisN': 75, 'thisTrialN': 75, 'thisRepN': 0}>
469.3680 	EXP 	fixation: autoDraw = False
469.3680 	EXP 	text: autoDraw = False
469.3680 	EXP 	text: height = np.float64(0.05)
469.3680 	EXP 	text: height = np.float64(0.05)
469.3680 	EXP 	text: height = np.float64(0.05)
469.3680 	EXP 	text: text = 'GBP 215 today or  GBP 250 after 82 days'
469.3680 	EXP 	fixation: autoDraw = True
469.4354 	EXP 	Device response: <KeyPress from None: t=469.3354469999904, value=t, duration=0.08626050000020768>
470.3515 	INFO 	Keyboard events cleared
470.3513 	EXP 	text: autoDraw = True
470.3687 	EXP 	fixation: autoDraw = False
472.4690 	EXP 	Device response: <KeyPress from None: t=472.4658283999888, value=t, duration=None>
472.4694 	EXP 	New trial (rep=0, index=76): <Trial 76 (76 in rep 0) data={'reward_today': 21, 'future_reward': 31, 'delay': 35, 'thisN': 76, 'thisTrialN': 76, 'thisRepN': 0}>
472.4742 	DATA 	Keypress: t
472.4853 	EXP 	fixation: autoDraw = False
472.4853 	EXP 	text: autoDraw = False
472.4853 	EXP 	text: height = np.float64(0.05)
472.4853 	EXP 	text: height = np.float64(0.05)
472.4853 	EXP 	text: height = np.float64(0.05)
472.4853 	EXP 	text: text = 'GBP 21 today or  GBP 31 after 35 days'
472.4853 	EXP 	fixation: autoDraw = True
472.5689 	EXP 	Device response: <KeyPress from None: t=472.4658283999888, value=t, duration=0.08726090000709519>
473.4683 	INFO 	Keyboard events cleared
473.4679 	EXP 	text: autoDraw = True
473.4847 	EXP 	fixation: autoDraw = False
475.3693 	EXP 	Device response: <KeyPress from None: t=475.3626290999964, value=t, duration=None>
475.3696 	EXP 	New trial (rep=0, index=77): <Trial 77 (77 in rep 0) data={'reward_today': 52, 'future_reward': 96, 'delay': 8, 'thisN': 77, 'thisTrialN': 77, 'thisRepN': 0}>
475.3752 	DATA 	Keypress: t
475.3837 	EXP 	fixation: autoDraw = False
475.3837 	EXP 	text: autoDraw = False
475.3837 	EXP 	text: height = np.float64(0.05)
475.3837 	EXP 	text: height = np.float64(0.05)
475.3837 	EXP 	text: height = np.float64(0.05)
475.3837 	EXP 	text: text = 'GBP 52 today or  GBP 96 after 8 days'
475.3837 	EXP 	fixation: autoDraw = True
475.4525 	EXP 	Device response: <KeyPress from None: t=475.3626290999964, value=t, duration=0.08357449999311939>
476.3682 	INFO 	Keyboard events cleared
476.3681 	EXP 	text: autoDraw = True
476.3854 	EXP 	fixation: autoDraw = False
479.9019 	EXP 	Device response: <KeyPress from None: t=479.8962482999923, value=t, duration=None>
479.9023 	EXP 	New trial (rep=0, index=78): <Trial 78 (78 in rep 0) data={'reward_today': 204, 'future_reward': 220, 'delay': 14, 'thisN': 78, 'thisTrialN': 78, 'thisRepN': 0}>
479.9077 	DATA 	Keypress: t
479.9188 	EXP 	fixation: autoDraw = False
479.9188 	EXP 	text: autoDraw = False
479.9188 	EXP 	text: height = np.float64(0.05)
479.9188 	EXP 	text: height = np.float64(0.05)
479.9188 	EXP 	text: height = np.float64(0.05)
479.9188 	EXP 	text: text = 'GBP 204 today or  GBP 220 after 14 days'
479.9188 	EXP 	fixation: autoDraw = True
479.9706 	EXP 	Device response: <KeyPress from None: t=479.8962482999923, value=t, duration=0.06532550000702031>
480.9019 	INFO 	Keyboard events cleared
480.9017 	EXP 	text: autoDraw = True
480.9183 	EXP 	fixation: autoDraw = False
488.9861 	EXP 	Device response: <KeyPress from None: t=488.98319269999047, value=t, duration=None>
488.9866 	EXP 	New trial (rep=0, index=79): <Trial 79 (79 in rep 0) data={'reward_today': 65, 'future_reward': 96, 'delay': 73, 'thisN': 79, 'thisTrialN': 79, 'thisRepN': 0}>
488.9917 	DATA 	Keypress: t
489.0015 	EXP 	fixation: autoDraw = False
489.0015 	EXP 	text: autoDraw = False
489.0015 	EXP 	text: height = np.float64(0.05)
489.0015 	EXP 	text: height = np.float64(0.05)
489.0015 	EXP 	text: height = np.float64(0.05)
489.0015 	EXP 	text: text = 'GBP 65 today or  GBP 96 after 73 days'
489.0015 	EXP 	fixation: autoDraw = True
489.1027 	EXP 	Device response: <KeyPress from None: t=488.98319269999047, value=t, duration=0.10663100000238046>
489.9857 	INFO 	Keyboard events cleared
489.9855 	EXP 	text: autoDraw = True
490.0021 	EXP 	fixation: autoDraw = False
495.3695 	EXP 	Device response: <KeyPress from None: t=495.3563259999937, value=t, duration=None>
495.3699 	EXP 	New trial (rep=0, index=80): <Trial 80 (80 in rep 0) data={'reward_today': 5, 'future_reward': 30, 'delay': 68, 'thisN': 80, 'thisTrialN': 80, 'thisRepN': 0}>
495.3749 	DATA 	Keypress: t
495.3881 	EXP 	fixation: autoDraw = False
495.3881 	EXP 	text: autoDraw = False
495.3881 	EXP 	text: height = np.float64(0.05)
495.3881 	EXP 	text: height = np.float64(0.05)
495.3881 	EXP 	text: height = np.float64(0.05)
495.3881 	EXP 	text: text = 'GBP 5 today or  GBP 30 after 68 days'
495.3881 	EXP 	fixation: autoDraw = True
495.4527 	EXP 	Device response: <KeyPress from None: t=495.3563259999937, value=t, duration=0.0914037000038661>
496.3710 	INFO 	Keyboard events cleared
496.3708 	EXP 	text: autoDraw = True
496.3857 	EXP 	fixation: autoDraw = False
506.0705 	EXP 	Device response: <KeyPress from None: t=506.0619519999891, value=t, duration=None>
506.0709 	EXP 	New trial (rep=0, index=81): <Trial 81 (81 in rep 0) data={'reward_today': 10, 'future_reward': 20, 'delay': 33, 'thisN': 81, 'thisTrialN': 81, 'thisRepN': 0}>
506.0777 	DATA 	Keypress: t
506.0857 	EXP 	fixation: autoDraw = False
506.0857 	EXP 	text: autoDraw = False
506.0857 	EXP 	text: height = np.float64(0.05)
506.0857 	EXP 	text: height = np.float64(0.05)
506.0857 	EXP 	text: height = np.float64(0.05)
506.0857 	EXP 	text: text = 'GBP 10 today or  GBP 20 after 33 days'
506.0857 	EXP 	fixation: autoDraw = True
506.1380 	EXP 	Device response: <KeyPress from None: t=506.0619519999891, value=t, duration=0.07263290000264533>
507.0879 	INFO 	Keyboard events cleared
507.0876 	EXP 	fixation: autoDraw = False
507.0876 	EXP 	text: autoDraw = True
511.3072 	DATA 	Keypress: t
511.3208 	EXP 	Device response: <KeyPress from None: t=511.3060811999894, value=t, duration=None>
511.3211 	EXP 	New trial (rep=0, index=82): <Trial 82 (82 in rep 0) data={'reward_today': 60, 'future_reward': 97, 'delay': 58, 'thisN': 82, 'thisTrialN': 82, 'thisRepN': 0}>
511.3369 	EXP 	fixation: autoDraw = False
511.3369 	EXP 	text: autoDraw = False
511.3369 	EXP 	text: height = np.float64(0.05)
511.3369 	EXP 	text: height = np.float64(0.05)
511.3369 	EXP 	text: height = np.float64(0.05)
511.3369 	EXP 	text: text = 'GBP 60 today or  GBP 97 after 58 days'
511.3369 	EXP 	fixation: autoDraw = True
511.5038 	EXP 	Device response: <KeyPress from None: t=511.3060811999894, value=t, duration=0.19675310001184698>
512.3218 	INFO 	Keyboard events cleared
512.3216 	EXP 	text: autoDraw = True
512.3366 	EXP 	fixation: autoDraw = False
514.9541 	EXP 	Device response: <KeyPress from None: t=514.9515772000013, value=t, duration=None>
514.9544 	EXP 	New trial (rep=0, index=83): <Trial 83 (83 in rep 0) data={'reward_today': 67, 'future_reward': 113, 'delay': 64, 'thisN': 83, 'thisTrialN': 83, 'thisRepN': 0}>
514.9598 	DATA 	Keypress: t
514.9701 	EXP 	fixation: autoDraw = False
514.9701 	EXP 	text: autoDraw = False
514.9701 	EXP 	text: height = np.float64(0.05)
514.9701 	EXP 	text: height = np.float64(0.05)
514.9701 	EXP 	text: height = np.float64(0.05)
514.9701 	EXP 	text: text = 'GBP 67 today or  GBP 113 after 64 days'
514.9701 	EXP 	fixation: autoDraw = True
515.1388 	EXP 	Device response: <KeyPress from None: t=514.9515772000013, value=t, duration=0.17912989998876583>
515.9552 	INFO 	Keyboard events cleared
515.9550 	EXP 	text: autoDraw = True
515.9716 	EXP 	fixation: autoDraw = False
523.1043 	EXP 	Device response: <KeyPress from None: t=523.0924674999987, value=t, duration=None>
523.1046 	EXP 	New trial (rep=0, index=84): <Trial 84 (84 in rep 0) data={'reward_today': 67, 'future_reward': 75, 'delay': 119, 'thisN': 84, 'thisTrialN': 84, 'thisRepN': 0}>
523.1093 	DATA 	Keypress: t
523.1212 	EXP 	fixation: autoDraw = False
523.1212 	EXP 	text: autoDraw = False
523.1212 	EXP 	text: height = np.float64(0.05)
523.1212 	EXP 	text: height = np.float64(0.05)
523.1212 	EXP 	text: height = np.float64(0.05)
523.1212 	EXP 	text: text = 'GBP 67 today or  GBP 75 after 119 days'
523.1212 	EXP 	fixation: autoDraw = True
523.1721 	EXP 	Device response: <KeyPress from None: t=523.0924674999987, value=t, duration=0.07778490000055172>
524.1058 	INFO 	Keyboard events cleared
524.1056 	EXP 	text: autoDraw = True
524.1226 	EXP 	fixation: autoDraw = False
527.3546 	EXP 	Device response: <KeyPress from None: t=527.3435708999896, value=t, duration=None>
527.3552 	EXP 	New trial (rep=0, index=85): <Trial 85 (85 in rep 0) data={'reward_today': 167, 'future_reward': 181, 'delay': 164, 'thisN': 85, 'thisTrialN': 85, 'thisRepN': 0}>
527.3607 	DATA 	Keypress: t
527.3713 	EXP 	fixation: autoDraw = False
527.3713 	EXP 	text: autoDraw = False
527.3713 	EXP 	text: height = np.float64(0.05)
527.3713 	EXP 	text: height = np.float64(0.05)
527.3713 	EXP 	text: height = np.float64(0.05)
527.3713 	EXP 	text: text = 'GBP 167 today or  GBP 181 after 164 days'
527.3713 	EXP 	fixation: autoDraw = True
527.4396 	EXP 	Device response: <KeyPress from None: t=527.3435708999896, value=t, duration=0.07798500001081266>
528.3546 	INFO 	Keyboard events cleared
528.3544 	EXP 	text: autoDraw = True
528.3707 	EXP 	fixation: autoDraw = False
530.9889 	EXP 	Device response: <KeyPress from None: t=530.9758112999989, value=t, duration=None>
530.9892 	EXP 	New trial (rep=0, index=86): <Trial 86 (86 in rep 0) data={'reward_today': 96, 'future_reward': 98, 'delay': 128, 'thisN': 86, 'thisTrialN': 86, 'thisRepN': 0}>
530.9934 	DATA 	Keypress: t
531.0051 	EXP 	fixation: autoDraw = False
531.0051 	EXP 	text: autoDraw = False
531.0051 	EXP 	text: height = np.float64(0.05)
531.0051 	EXP 	text: height = np.float64(0.05)
531.0051 	EXP 	text: height = np.float64(0.05)
531.0051 	EXP 	text: text = 'GBP 96 today or  GBP 98 after 128 days'
531.0051 	EXP 	fixation: autoDraw = True
531.0380 	EXP 	Device response: <KeyPress from None: t=530.9758112999989, value=t, duration=0.05786289999377914>
532.0064 	INFO 	Keyboard events cleared
532.0062 	EXP 	fixation: autoDraw = False
532.0062 	EXP 	text: autoDraw = True
536.3892 	EXP 	Device response: <KeyPress from None: t=536.3846496999904, value=t, duration=None>
536.3896 	EXP 	New trial (rep=0, index=87): <Trial 87 (87 in rep 0) data={'reward_today': 18, 'future_reward': 90, 'delay': 142, 'thisN': 87, 'thisTrialN': 87, 'thisRepN': 0}>
536.3953 	DATA 	Keypress: t
536.4045 	EXP 	fixation: autoDraw = False
536.4045 	EXP 	text: autoDraw = False
536.4045 	EXP 	text: height = np.float64(0.05)
536.4045 	EXP 	text: height = np.float64(0.05)
536.4045 	EXP 	text: height = np.float64(0.05)
536.4045 	EXP 	text: text = 'GBP 18 today or  GBP 90 after 142 days'
536.4045 	EXP 	fixation: autoDraw = True
536.4889 	EXP 	Device response: <KeyPress from None: t=536.3846496999904, value=t, duration=0.09080000000540167>
537.4052 	INFO 	Keyboard events cleared
537.4050 	EXP 	fixation: autoDraw = False
537.4050 	EXP 	text: autoDraw = True
543.5760 	DATA 	Keypress: t
543.5891 	EXP 	Device response: <KeyPress from None: t=543.5745276999951, value=t, duration=None>
543.5894 	EXP 	New trial (rep=0, index=88): <Trial 88 (88 in rep 0) data={'reward_today': 103, 'future_reward': 144, 'delay': 73, 'thisN': 88, 'thisTrialN': 88, 'thisRepN': 0}>
543.6059 	EXP 	fixation: autoDraw = False
543.6059 	EXP 	text: autoDraw = False
543.6059 	EXP 	text: height = np.float64(0.05)
543.6059 	EXP 	text: height = np.float64(0.05)
543.6059 	EXP 	text: height = np.float64(0.05)
543.6059 	EXP 	text: text = 'GBP 103 today or  GBP 144 after 73 days'
543.6059 	EXP 	fixation: autoDraw = True
543.7727 	EXP 	Device response: <KeyPress from None: t=543.5745276999951, value=t, duration=0.19069279999530409>
544.5887 	INFO 	Keyboard events cleared
544.5885 	EXP 	text: autoDraw = True
544.6052 	EXP 	fixation: autoDraw = False
556.1075 	EXP 	Device response: <KeyPress from None: t=556.098199, value=t, duration=None>
556.1079 	EXP 	New trial (rep=0, index=89): <Trial 89 (89 in rep 0) data={'reward_today': 85, 'future_reward': 105, 'delay': 13, 'thisN': 89, 'thisTrialN': 89, 'thisRepN': 0}>
556.1136 	DATA 	Keypress: t
556.1220 	EXP 	fixation: autoDraw = False
556.1220 	EXP 	text: autoDraw = False
556.1220 	EXP 	text: height = np.float64(0.05)
556.1220 	EXP 	text: height = np.float64(0.05)
556.1220 	EXP 	text: height = np.float64(0.05)
556.1220 	EXP 	text: text = 'GBP 85 today or  GBP 105 after 13 days'
556.1220 	EXP 	fixation: autoDraw = True
556.2066 	EXP 	Device response: <KeyPress from None: t=556.098199, value=t, duration=0.09373079999932088>
557.1231 	INFO 	Keyboard events cleared
557.1229 	EXP 	fixation: autoDraw = False
557.1229 	EXP 	text: autoDraw = True
564.9238 	EXP 	Device response: <KeyPress from None: t=564.9151944999903, value=t, duration=None>
564.9241 	EXP 	New trial (rep=0, index=90): <Trial 90 (90 in rep 0) data={'reward_today': 72, 'future_reward': 105, 'delay': 166, 'thisN': 90, 'thisTrialN': 90, 'thisRepN': 0}>
564.9286 	DATA 	Keypress: t
564.9397 	EXP 	fixation: autoDraw = False
564.9397 	EXP 	text: autoDraw = False
564.9397 	EXP 	text: height = np.float64(0.05)
564.9397 	EXP 	text: height = np.float64(0.05)
564.9397 	EXP 	text: height = np.float64(0.05)
564.9397 	EXP 	text: text = 'GBP 72 today or  GBP 105 after 166 days'
564.9397 	EXP 	fixation: autoDraw = True
565.0082 	EXP 	Device response: <KeyPress from None: t=564.9151944999903, value=t, duration=0.08183629999984987>
565.9248 	INFO 	Keyboard events cleared
565.9246 	EXP 	text: autoDraw = True
565.9415 	EXP 	fixation: autoDraw = False
571.5238 	EXP 	Device response: <KeyPress from None: t=571.51750609999, value=t, duration=None>
571.5241 	EXP 	New trial (rep=0, index=91): <Trial 91 (91 in rep 0) data={'reward_today': 36, 'future_reward': 84, 'delay': 12, 'thisN': 91, 'thisTrialN': 91, 'thisRepN': 0}>
571.5296 	DATA 	Keypress: t
571.5398 	EXP 	fixation: autoDraw = False
571.5398 	EXP 	text: autoDraw = False
571.5398 	EXP 	text: height = np.float64(0.05)
571.5398 	EXP 	text: height = np.float64(0.05)
571.5398 	EXP 	text: height = np.float64(0.05)
571.5398 	EXP 	text: text = 'GBP 36 today or  GBP 84 after 12 days'
571.5398 	EXP 	fixation: autoDraw = True
571.6573 	EXP 	Device response: <KeyPress from None: t=571.51750609999, value=t, duration=0.1380012000008719>
572.5254 	INFO 	Keyboard events cleared
572.5251 	EXP 	text: autoDraw = True
572.5420 	EXP 	fixation: autoDraw = False
574.7088 	EXP 	Device response: <KeyPress from None: t=574.6965735999984, value=t, duration=None>
574.7092 	EXP 	New trial (rep=0, index=92): <Trial 92 (92 in rep 0) data={'reward_today': 100, 'future_reward': 120, 'delay': 180, 'thisN': 92, 'thisTrialN': 92, 'thisRepN': 0}>
574.7142 	DATA 	Keypress: t
574.7232 	EXP 	fixation: autoDraw = False
574.7232 	EXP 	text: autoDraw = False
574.7232 	EXP 	text: height = np.float64(0.05)
574.7232 	EXP 	text: height = np.float64(0.05)
574.7232 	EXP 	text: height = np.float64(0.05)
574.7232 	EXP 	text: text = 'GBP 100 today or  GBP 120 after 180 days'
574.7232 	EXP 	fixation: autoDraw = True
574.8907 	EXP 	Device response: <KeyPress from None: t=574.6965735999984, value=t, duration=0.17927819999749772>
575.7082 	INFO 	Keyboard events cleared
575.7080 	EXP 	text: autoDraw = True
575.7236 	EXP 	fixation: autoDraw = False
580.3911 	EXP 	Device response: <KeyPress from None: t=580.3852604999993, value=t, duration=None>
580.3915 	EXP 	New trial (rep=0, index=93): <Trial 93 (93 in rep 0) data={'reward_today': 111, 'future_reward': 150, 'delay': 187, 'thisN': 93, 'thisTrialN': 93, 'thisRepN': 0}>
580.3984 	DATA 	Keypress: t
580.4063 	EXP 	fixation: autoDraw = False
580.4063 	EXP 	text: autoDraw = False
580.4063 	EXP 	text: height = np.float64(0.05)
580.4063 	EXP 	text: height = np.float64(0.05)
580.4063 	EXP 	text: height = np.float64(0.05)
580.4063 	EXP 	text: text = 'GBP 111 today or  GBP 150 after 187 days'
580.4063 	EXP 	fixation: autoDraw = True
580.5072 	EXP 	Device response: <KeyPress from None: t=580.3852604999993, value=t, duration=0.11621329998888541>
581.3924 	INFO 	Keyboard events cleared
581.3922 	EXP 	text: autoDraw = True
581.4083 	EXP 	fixation: autoDraw = False
588.4092 	EXP 	Device response: <KeyPress from None: t=588.405980399999, value=t, duration=None>
588.4096 	EXP 	New trial (rep=0, index=94): <Trial 94 (94 in rep 0) data={'reward_today': 101, 'future_reward': 119, 'delay': 100, 'thisN': 94, 'thisTrialN': 94, 'thisRepN': 0}>
588.4143 	DATA 	Keypress: t
588.4237 	EXP 	fixation: autoDraw = False
588.4237 	EXP 	text: autoDraw = False
588.4237 	EXP 	text: height = np.float64(0.05)
588.4237 	EXP 	text: height = np.float64(0.05)
588.4237 	EXP 	text: height = np.float64(0.05)
588.4237 	EXP 	text: text = 'GBP 101 today or  GBP 119 after 100 days'
588.4237 	EXP 	fixation: autoDraw = True
588.5598 	EXP 	Device response: <KeyPress from None: t=588.405980399999, value=t, duration=0.14147969998884946>
589.4264 	INFO 	Keyboard events cleared
589.4262 	EXP 	fixation: autoDraw = False
589.4262 	EXP 	text: autoDraw = True
590.8758 	EXP 	Device response: <KeyPress from None: t=590.8738727000018, value=t, duration=None>
590.8760 	EXP 	New trial (rep=0, index=95): <Trial 95 (95 in rep 0) data={'reward_today': 77, 'future_reward': 113, 'delay': 79, 'thisN': 95, 'thisTrialN': 95, 'thisRepN': 0}>
590.8813 	DATA 	Keypress: t
590.8908 	EXP 	fixation: autoDraw = False
590.8908 	EXP 	text: autoDraw = False
590.8908 	EXP 	text: height = np.float64(0.05)
590.8908 	EXP 	text: height = np.float64(0.05)
590.8908 	EXP 	text: height = np.float64(0.05)
590.8908 	EXP 	text: text = 'GBP 77 today or  GBP 113 after 79 days'
590.8908 	EXP 	fixation: autoDraw = True
591.0262 	EXP 	Device response: <KeyPress from None: t=590.8738727000018, value=t, duration=0.14544819999719039>
591.8760 	INFO 	Keyboard events cleared
591.8758 	EXP 	text: autoDraw = True
591.8928 	EXP 	fixation: autoDraw = False
593.4094 	EXP 	Device response: <KeyPress from None: t=593.4071054999949, value=t, duration=None>
593.4098 	EXP 	New trial (rep=0, index=96): <Trial 96 (96 in rep 0) data={'reward_today': 112, 'future_reward': 142, 'delay': 6, 'thisN': 96, 'thisTrialN': 96, 'thisRepN': 0}>
593.4143 	DATA 	Keypress: t
593.4251 	EXP 	fixation: autoDraw = False
593.4251 	EXP 	text: autoDraw = False
593.4251 	EXP 	text: height = np.float64(0.05)
593.4251 	EXP 	text: height = np.float64(0.05)
593.4251 	EXP 	text: height = np.float64(0.05)
593.4251 	EXP 	text: text = 'GBP 112 today or  GBP 142 after 6 days'
593.4251 	EXP 	fixation: autoDraw = True
593.5262 	EXP 	Device response: <KeyPress from None: t=593.4071054999949, value=t, duration=0.11568630000692792>
594.4095 	INFO 	Keyboard events cleared
594.4093 	EXP 	text: autoDraw = True
594.4260 	EXP 	fixation: autoDraw = False
597.3123 	DATA 	Keypress: t
597.3253 	EXP 	Device response: <KeyPress from None: t=597.3107147999981, value=t, duration=None>
597.3256 	EXP 	New trial (rep=0, index=97): <Trial 97 (97 in rep 0) data={'reward_today': 165, 'future_reward': 199, 'delay': 200, 'thisN': 97, 'thisTrialN': 97, 'thisRepN': 0}>
597.3439 	EXP 	fixation: autoDraw = False
597.3439 	EXP 	text: autoDraw = False
597.3439 	EXP 	text: height = np.float64(0.05)
597.3439 	EXP 	text: height = np.float64(0.05)
597.3439 	EXP 	text: height = np.float64(0.05)
597.3439 	EXP 	text: text = 'GBP 165 today or  GBP 199 after 200 days'
597.3439 	EXP 	fixation: autoDraw = True
597.5756 	EXP 	Device response: <KeyPress from None: t=597.3107147999981, value=t, duration=0.2521258999913698>
598.3269 	INFO 	Keyboard events cleared
598.3267 	EXP 	text: autoDraw = True
598.3432 	EXP 	fixation: autoDraw = False
605.1603 	EXP 	Device response: <KeyPress from None: t=605.1495004999888, value=t, duration=None>
605.1606 	EXP 	New trial (rep=0, index=98): <Trial 98 (98 in rep 0) data={'reward_today': 197, 'future_reward': 220, 'delay': 8, 'thisN': 98, 'thisTrialN': 98, 'thisRepN': 0}>
605.1677 	DATA 	Keypress: t
605.1756 	EXP 	fixation: autoDraw = False
605.1756 	EXP 	text: autoDraw = False
605.1756 	EXP 	text: height = np.float64(0.05)
605.1756 	EXP 	text: height = np.float64(0.05)
605.1756 	EXP 	text: height = np.float64(0.05)
605.1756 	EXP 	text: text = 'GBP 197 today or  GBP 220 after 8 days'
605.1756 	EXP 	fixation: autoDraw = True
605.2262 	EXP 	Device response: <KeyPress from None: t=605.1495004999888, value=t, duration=0.06111360000795685>
606.1603 	INFO 	Keyboard events cleared
606.1601 	EXP 	text: autoDraw = True
606.1773 	EXP 	fixation: autoDraw = False
610.5763 	EXP 	Device response: <KeyPress from None: t=610.5673795999901, value=t, duration=None>
610.5769 	EXP 	New trial (rep=0, index=99): <Trial 99 (99 in rep 0) data={'reward_today': 76, 'future_reward': 99, 'delay': 195, 'thisN': 99, 'thisTrialN': 99, 'thisRepN': 0}>
610.5822 	DATA 	Keypress: t
610.5928 	EXP 	fixation: autoDraw = False
610.5928 	EXP 	text: autoDraw = False
610.5928 	EXP 	text: height = np.float64(0.05)
610.5928 	EXP 	text: height = np.float64(0.05)
610.5928 	EXP 	text: height = np.float64(0.05)
610.5928 	EXP 	text: text = 'GBP 76 today or  GBP 99 after 195 days'
610.5928 	EXP 	fixation: autoDraw = True
610.7764 	EXP 	Device response: <KeyPress from None: t=610.5673795999901, value=t, duration=0.20689490000950173>
611.5763 	INFO 	Keyboard events cleared
611.5761 	EXP 	text: autoDraw = True
611.5938 	EXP 	fixation: autoDraw = False
613.6773 	EXP 	Device response: <KeyPress from None: t=613.6669325999974, value=t, duration=None>
613.6782 	DATA 	Keypress: t
613.6939 	EXP 	fixation: autoDraw = False
613.6939 	EXP 	text: autoDraw = False
613.6943 	EXP 	delay_discounting_exp: status = STOPPED
613.7401 	INFO 	saved data to 'C:\\Users\\Pooja\\OneDrive\\Desktop\\Delay_discounting_experiment\\data\\003_delay_discounting_exp_2025-10-28_14h35.35.883.csv'
613.7447 	INFO 	saved data to C:\Users\Pooja\OneDrive\Desktop\Delay_discounting_experiment\data\003_delay_discounting_exp_2025-10-28_14h35.35.883.psydat
614.1061 	WARNING 	Stopping key buffers but this could be dangerous ifother keyboards rely on the same.
614.1254 	WARNING 	Stopping key buffers but this could be dangerous ifother keyboards rely on the same.
