13.9976 	INFO 	Loaded monitor calibration from ['2025_08_12 09:11']
14.0173 	WARNING 	User requested fullscreen with size [1536  864], but screen is actually [1920, 1080]. Using actual size
15.0217 	INFO 	Using renderer 'AMD Radeon(TM) Graphics' for graphics
15.0217 	INFO 	OpenGL version supported by driver is 4..
15.1678 	EXP 	Created window1 = Window(allowGUI=True, allowStencil=True, autoLog=True, backendConf=UNKNOWN, backgroundFit=<method-wrapper '__getattribute__' of attributeSetter object at 0x000001C6DBE89B10>, backgroundImage=<method-wrapper '__getattribute__' of attributeSetter object at 0x000001C6DBE89AB0>, bitsMode=UNKNOWN, blendMode='avg', bpc=(8, 8, 8), color=array([0, 0, 0]), colorSpace='rgb', depthBits=8, fullscr=True, gamma=None, gammaErrorPolicy='raise', infoMsg=UNKNOWN, lms=UNKNOWN, monitor=<psychopy.monitors.calibTools.Monitor object at 0x000001C6DBF3F370>, multiSample=False, name='window1', numSamples=2, pos=[np.float64(0.0), np.float64(0.0)], screen=0, size=array([1920, 1080]), stencilBits=8, stereo=False, title='PsychoPy', units='height', useFBO=True, useRetina=False, viewOri=0.0, viewPos=None, viewScale=None, waitBlanking=True, winType='pyglet')
15.1682 	EXP 	window1: backgroundImage = ''
15.1682 	EXP 	window1: backgroundFit = 'none'
15.7208 	EXP 	window1: Attempting to measure frame rate of screen (0) ...
15.7209 	EXP 	window1: recordFrameIntervals = False
15.9519 	EXP 	window1: recordFrameIntervals = True
16.1345 	EXP 	Screen (0) actual frame rate measured at 60.34Hz
16.1346 	EXP 	window1: recordFrameIntervals = False
16.2113 	INFO 	keyboard.Keyboard is using ptb backend.
16.2114 	EXP 	Word_priming_exp: status = STARTED
16.2502 	EXP 	Created text = TextStim(__class__=<class 'psychopy.visual.text.TextStim'>, alignHoriz=method-wrapper(...), alignText='center', alignVert=method-wrapper(...), anchorHoriz='center', anchorVert='center', antialias=True, autoDraw=False, autoLog=True, bold=False, color=array([1., 1., 1.]), colorSpace='rgb', contrast=1.0, depth=0.0, draggable=False, flipHoriz=False, flipVert=False, font='Arial', fontFiles=[], height=0.05, italic=False, languageStyle='LTR', name='text', opacity=1, ori=0.0, pos=array([0., 0.]), rgb=UNKNOWN, text='', units='height', win=Window(...), wrapWidth=1)
16.4018 	EXP 	Created slider = Slider(__class__=<class 'psychopy.visual.slider.Slider'>, autoDraw=False, autoLog=True, borderColor=None, color=None, colorSpace='rgb', depth=-1, fillColor=None, flip=False, font='Noto Sans', granularity=0.0, labelColor=None, labelHeight=np.float64(0.05), labelWrapWidth=None, labels=['Familiar', 'Unfamiliar'], lineColor=None, markerColor=None, name='slider', opacity=None, ori=0.0, pos=array([ 0. , -0.3]), readOnly=False, self=UNKNOWN, size=array([1. , 0.1]), startValue=None, style='rating', styleTweaks=[], ticks=array([1, 2, 3, 4, 5]), units='height', win=Window(...))
16.4035 	EXP 	Created text_2 = TextStim(__class__=<class 'psychopy.visual.text.TextStim'>, alignHoriz=method-wrapper(...), alignText='center', alignVert=method-wrapper(...), anchorHoriz='center', anchorVert='center', antialias=True, autoDraw=False, autoLog=True, bold=False, color=array([1., 1., 1.]), colorSpace='rgb', contrast=1.0, depth=0.0, draggable=False, flipHoriz=False, flipVert=False, font='Arial', fontFiles=[], height=0.05, italic=False, languageStyle='LTR', name='text_2', opacity=1, ori=0.0, pos=array([0. , 0.3]), rgb=UNKNOWN, text='', units='height', win=Window(...), wrapWidth=1)
16.5168 	EXP 	Created text_3 = TextStim(__class__=<class 'psychopy.visual.text.TextStim'>, alignHoriz=method-wrapper(...), alignText='center', alignVert=method-wrapper(...), anchorHoriz='center', anchorVert='center', antialias=True, autoDraw=False, autoLog=True, bold=False, color=array([1., 1., 1.]), colorSpace='rgb', contrast=1.0, depth=-2.0, draggable=False, flipHoriz=False, flipVert=False, font='Arial', fontFiles=[], height=np.float64(0.05), italic=False, languageStyle='LTR', name='text_3', opacity=1, ori=0.0, pos=array([ 0. , -0.3]), rgb=UNKNOWN, text='Click on Submit', units='height', win=Window(...), wrapWidth=1)
0.0105 	EXP 	slider: autoLog = True
0.0105 	EXP 	slider: styleTweaks = []
0.0105 	EXP 	slider: styleTweaks = []
0.0105 	EXP 	slider: styleTweaks = []
0.0105 	EXP 	slider: styleTweaks = []
0.0105 	EXP 	slider: contrast = 1.0
0.0105 	EXP 	slider: markerPos = None
0.0105 	EXP 	slider: autoLog = True
0.0105 	EXP 	textbox: autoLog = True
0.0202 	EXP 	Imported study_words_cvs.csv as conditions, 15 conditions, 1 params
0.0214 	EXP 	New trial (rep=0, index=0): <Trial 0 (0 in rep 0) data={'study_word': 'chart', 'thisN': 0, 'thisTrialN': 0, 'thisRepN': 0}>
0.0528 	EXP 	text: height = np.float64(0.05)
0.0528 	EXP 	text: height = np.float64(0.05)
0.0528 	EXP 	text: height = np.float64(0.05)
0.0528 	EXP 	text: text = 'chart'
0.0528 	EXP 	slider: markerPos = None
0.0528 	EXP 	slider: markerPos = None
0.0528 	EXP 	text: autoDraw = True
0.0528 	EXP 	slider: autoDraw = True
4.7858 	DATA 	Mouse: Left button down, pos=(568,220)
4.8035 	EXP 	slider: markerPos = np.float64(1.548148148148148)
4.8172 	EXP 	slider: markerPos = np.float64(1.548148148148148)
4.8352 	EXP 	slider: markerPos = np.float64(1.548148148148148)
4.8505 	EXP 	slider: markerPos = np.float64(1.548148148148148)
4.8672 	EXP 	slider: markerPos = np.float64(1.548148148148148)
4.8836 	EXP 	slider: markerPos = np.float64(1.548148148148148)
4.9019 	EXP 	slider: markerPos = np.float64(1.548148148148148)
4.9172 	EXP 	slider: markerPos = np.float64(1.548148148148148)
4.9350 	EXP 	slider: markerPos = np.float64(1.548148148148148)
4.9363 	DATA 	Mouse:  Left button up, pos=(568,220)
4.9511 	EXP 	slider: markerPos = np.float64(1.548148148148148)
4.9520 	EXP 	New trial (rep=0, index=1): <Trial 1 (1 in rep 0) data={'study_word': 'poster', 'thisN': 1, 'thisTrialN': 1, 'thisRepN': 0}>
4.9730 	EXP 	text: autoDraw = False
4.9730 	EXP 	slider: autoDraw = False
4.9730 	EXP 	text: height = np.float64(0.05)
4.9730 	EXP 	text: height = np.float64(0.05)
4.9730 	EXP 	text: height = np.float64(0.05)
4.9730 	EXP 	text: text = 'poster'
4.9730 	EXP 	slider: markerPos = None
4.9730 	EXP 	slider: markerPos = None
4.9730 	EXP 	text: autoDraw = True
4.9730 	EXP 	slider: autoDraw = True
5.8855 	DATA 	Mouse: Left button down, pos=(626,220)
5.9006 	EXP 	slider: markerPos = np.float64(1.762962962962963)
5.9179 	EXP 	slider: markerPos = np.float64(1.762962962962963)
5.9332 	EXP 	slider: markerPos = np.float64(1.762962962962963)
5.9515 	EXP 	slider: markerPos = np.float64(1.762962962962963)
5.9673 	EXP 	slider: markerPos = np.float64(1.762962962962963)
5.9842 	EXP 	slider: markerPos = np.float64(1.762962962962963)
6.0011 	EXP 	slider: markerPos = np.float64(1.762962962962963)
6.0181 	EXP 	slider: markerPos = np.float64(1.762962962962963)
6.0333 	EXP 	slider: markerPos = np.float64(1.762962962962963)
6.0512 	EXP 	slider: markerPos = np.float64(1.762962962962963)
6.0521 	DATA 	Mouse:  Left button up, pos=(626,220)
6.0679 	EXP 	slider: markerPos = np.float64(1.762962962962963)
6.0692 	EXP 	New trial (rep=0, index=2): <Trial 2 (2 in rep 0) data={'study_word': 'cruise', 'thisN': 2, 'thisTrialN': 2, 'thisRepN': 0}>
6.0852 	EXP 	text: autoDraw = False
6.0852 	EXP 	slider: autoDraw = False
6.0852 	EXP 	text: height = np.float64(0.05)
6.0852 	EXP 	text: height = np.float64(0.05)
6.0852 	EXP 	text: height = np.float64(0.05)
6.0852 	EXP 	text: text = 'cruise'
6.0852 	EXP 	slider: markerPos = None
6.0852 	EXP 	slider: markerPos = None
6.0852 	EXP 	text: autoDraw = True
6.0852 	EXP 	slider: autoDraw = True
9.6182 	DATA 	Mouse: Left button down, pos=(785,221)
9.6349 	EXP 	slider: markerPos = np.float64(2.351851851851852)
9.6510 	EXP 	slider: markerPos = np.float64(2.351851851851852)
9.6671 	EXP 	slider: markerPos = np.float64(2.351851851851852)
9.6835 	EXP 	slider: markerPos = np.float64(2.351851851851852)
9.7017 	EXP 	slider: markerPos = np.float64(2.351851851851852)
9.7182 	EXP 	slider: markerPos = np.float64(2.351851851851852)
9.7344 	EXP 	slider: markerPos = np.float64(2.351851851851852)
9.7509 	EXP 	slider: markerPos = np.float64(2.351851851851852)
9.7670 	EXP 	slider: markerPos = np.float64(2.351851851851852)
9.7683 	DATA 	Mouse:  Left button up, pos=(785,221)
9.7851 	EXP 	slider: markerPos = np.float64(2.351851851851852)
9.7860 	EXP 	New trial (rep=0, index=3): <Trial 3 (3 in rep 0) data={'study_word': 'keys', 'thisN': 3, 'thisTrialN': 3, 'thisRepN': 0}>
9.8034 	EXP 	text: autoDraw = False
9.8034 	EXP 	slider: autoDraw = False
9.8034 	EXP 	text: height = np.float64(0.05)
9.8034 	EXP 	text: height = np.float64(0.05)
9.8034 	EXP 	text: height = np.float64(0.05)
9.8034 	EXP 	text: text = 'keys'
9.8034 	EXP 	slider: markerPos = None
9.8034 	EXP 	slider: markerPos = None
9.8034 	EXP 	text: autoDraw = True
9.8034 	EXP 	slider: autoDraw = True
10.7237 	DATA 	Mouse: Left button down, pos=(685,217)
10.7509 	EXP 	slider: markerPos = np.float64(1.9814814814814814)
10.7675 	EXP 	slider: markerPos = np.float64(1.9814814814814814)
10.7846 	EXP 	slider: markerPos = np.float64(1.9814814814814814)
10.8013 	EXP 	slider: markerPos = np.float64(1.9814814814814814)
10.8176 	EXP 	slider: markerPos = np.float64(1.9814814814814814)
10.8343 	EXP 	slider: markerPos = np.float64(1.9814814814814814)
10.8511 	EXP 	slider: markerPos = np.float64(1.9814814814814814)
10.8582 	DATA 	Mouse:  Left button up, pos=(685,217)
10.8674 	EXP 	slider: markerPos = np.float64(1.9814814814814814)
10.8855 	EXP 	slider: markerPos = np.float64(1.9814814814814814)
10.8870 	EXP 	New trial (rep=0, index=4): <Trial 4 (4 in rep 0) data={'study_word': 'board', 'thisN': 4, 'thisTrialN': 4, 'thisRepN': 0}>
10.9085 	EXP 	text: autoDraw = False
10.9085 	EXP 	slider: autoDraw = False
10.9085 	EXP 	text: height = np.float64(0.05)
10.9085 	EXP 	text: height = np.float64(0.05)
10.9085 	EXP 	text: height = np.float64(0.05)
10.9085 	EXP 	text: text = 'board'
10.9085 	EXP 	slider: markerPos = None
10.9085 	EXP 	slider: markerPos = None
10.9085 	EXP 	text: autoDraw = True
10.9085 	EXP 	slider: autoDraw = True
13.0222 	DATA 	Mouse: Left button down, pos=(753,214)
13.0503 	EXP 	slider: markerPos = np.float64(2.2333333333333334)
13.0674 	EXP 	slider: markerPos = np.float64(2.2333333333333334)
13.0842 	EXP 	slider: markerPos = np.float64(2.2333333333333334)
13.1007 	EXP 	slider: markerPos = np.float64(2.2333333333333334)
13.1191 	EXP 	slider: markerPos = np.float64(2.2333333333333334)
13.1346 	EXP 	slider: markerPos = np.float64(2.2333333333333334)
13.1458 	DATA 	Mouse:  Left button up, pos=(753,214)
13.1523 	EXP 	slider: markerPos = np.float64(2.2333333333333334)
13.1668 	EXP 	slider: markerPos = np.float64(2.2333333333333334)
13.1678 	EXP 	New trial (rep=0, index=5): <Trial 5 (5 in rep 0) data={'study_word': 'pastry', 'thisN': 5, 'thisTrialN': 5, 'thisRepN': 0}>
13.1843 	EXP 	text: autoDraw = False
13.1843 	EXP 	slider: autoDraw = False
13.1843 	EXP 	text: height = np.float64(0.05)
13.1843 	EXP 	text: height = np.float64(0.05)
13.1843 	EXP 	text: height = np.float64(0.05)
13.1843 	EXP 	text: text = 'pastry'
13.1843 	EXP 	slider: markerPos = None
13.1843 	EXP 	slider: markerPos = None
13.1843 	EXP 	text: autoDraw = True
13.1843 	EXP 	slider: autoDraw = True
14.5191 	DATA 	Mouse: Left button down, pos=(566,188)
14.5349 	EXP 	slider: markerPos = np.float64(1.5407407407407407)
14.5522 	EXP 	slider: markerPos = np.float64(1.5407407407407407)
14.5671 	EXP 	slider: markerPos = np.float64(1.5407407407407407)
14.5856 	EXP 	slider: markerPos = np.float64(1.5407407407407407)
14.6002 	EXP 	slider: markerPos = np.float64(1.5407407407407407)
14.6176 	EXP 	slider: markerPos = np.float64(1.5407407407407407)
14.6343 	EXP 	slider: markerPos = np.float64(1.5407407407407407)
14.6417 	DATA 	Mouse:  Left button up, pos=(566,188)
14.6518 	EXP 	slider: markerPos = np.float64(1.5407407407407407)
14.6673 	EXP 	slider: markerPos = np.float64(1.5407407407407407)
14.6687 	EXP 	New trial (rep=0, index=6): <Trial 6 (6 in rep 0) data={'study_word': 'book', 'thisN': 6, 'thisTrialN': 6, 'thisRepN': 0}>
14.6840 	EXP 	text: autoDraw = False
14.6840 	EXP 	slider: autoDraw = False
14.6840 	EXP 	text: height = np.float64(0.05)
14.6840 	EXP 	text: height = np.float64(0.05)
14.6840 	EXP 	text: height = np.float64(0.05)
14.6840 	EXP 	text: text = 'book'
14.6840 	EXP 	slider: markerPos = None
14.6840 	EXP 	slider: markerPos = None
14.6840 	EXP 	text: autoDraw = True
14.6840 	EXP 	slider: autoDraw = True
16.3363 	DATA 	Mouse: Left button down, pos=(431,219)
16.3502 	EXP 	slider: markerPos = np.float64(1.0407407407407407)
16.3682 	EXP 	slider: markerPos = np.float64(1.0407407407407407)
16.3843 	EXP 	slider: markerPos = np.float64(1.0407407407407407)
16.4006 	EXP 	slider: markerPos = np.float64(1.0407407407407407)
16.4184 	EXP 	slider: markerPos = np.float64(1.0407407407407407)
16.4344 	EXP 	slider: markerPos = np.float64(1.0407407407407407)
16.4511 	EXP 	slider: markerPos = np.float64(1.0407407407407407)
16.4673 	EXP 	slider: markerPos = np.float64(1.0407407407407407)
16.4858 	EXP 	slider: markerPos = np.float64(1.0407407407407407)
16.4932 	DATA 	Mouse:  Left button up, pos=(431,219)
16.5001 	EXP 	slider: markerPos = np.float64(1.0407407407407407)
16.5176 	EXP 	slider: markerPos = np.float64(1.0407407407407407)
16.5190 	EXP 	New trial (rep=0, index=7): <Trial 7 (7 in rep 0) data={'study_word': 'laptop', 'thisN': 7, 'thisTrialN': 7, 'thisRepN': 0}>
16.5343 	EXP 	text: autoDraw = False
16.5343 	EXP 	slider: autoDraw = False
16.5343 	EXP 	text: height = np.float64(0.05)
16.5343 	EXP 	text: height = np.float64(0.05)
16.5343 	EXP 	text: height = np.float64(0.05)
16.5343 	EXP 	text: text = 'laptop'
16.5343 	EXP 	slider: markerPos = None
16.5343 	EXP 	slider: markerPos = None
16.5343 	EXP 	text: autoDraw = True
16.5343 	EXP 	slider: autoDraw = True
18.1855 	DATA 	Mouse: Left button down, pos=(536,225)
18.2008 	EXP 	slider: markerPos = np.float64(1.4296296296296296)
18.2182 	EXP 	slider: markerPos = np.float64(1.4296296296296296)
18.2345 	EXP 	slider: markerPos = np.float64(1.4296296296296296)
18.2513 	EXP 	slider: markerPos = np.float64(1.4296296296296296)
18.2680 	EXP 	slider: markerPos = np.float64(1.4296296296296296)
18.2848 	EXP 	slider: markerPos = np.float64(1.4296296296296296)
18.3006 	EXP 	slider: markerPos = np.float64(1.4296296296296296)
18.3178 	EXP 	slider: markerPos = np.float64(1.4296296296296296)
18.3188 	DATA 	Mouse:  Left button up, pos=(536,225)
18.3346 	EXP 	slider: markerPos = np.float64(1.4296296296296296)
18.3360 	EXP 	New trial (rep=0, index=8): <Trial 8 (8 in rep 0) data={'study_word': 'mouse', 'thisN': 8, 'thisTrialN': 8, 'thisRepN': 0}>
18.3505 	EXP 	text: autoDraw = False
18.3505 	EXP 	slider: autoDraw = False
18.3505 	EXP 	text: height = np.float64(0.05)
18.3505 	EXP 	text: height = np.float64(0.05)
18.3505 	EXP 	text: height = np.float64(0.05)
18.3505 	EXP 	text: text = 'mouse'
18.3505 	EXP 	slider: markerPos = None
18.3505 	EXP 	slider: markerPos = None
18.3505 	EXP 	text: autoDraw = True
18.3505 	EXP 	slider: autoDraw = True
20.1854 	DATA 	Mouse: Left button down, pos=(585,222)
20.2003 	EXP 	slider: markerPos = np.float64(1.6111111111111112)
20.2179 	EXP 	slider: markerPos = np.float64(1.6111111111111112)
20.2342 	EXP 	slider: markerPos = np.float64(1.6111111111111112)
20.2506 	EXP 	slider: markerPos = np.float64(1.6111111111111112)
20.2678 	EXP 	slider: markerPos = np.float64(1.6111111111111112)
20.2852 	EXP 	slider: markerPos = np.float64(1.6111111111111112)
20.3006 	EXP 	slider: markerPos = np.float64(1.6111111111111112)
20.3177 	EXP 	slider: markerPos = np.float64(1.6111111111111112)
20.3246 	DATA 	Mouse:  Left button up, pos=(585,222)
20.3357 	EXP 	slider: markerPos = np.float64(1.6111111111111112)
20.3543 	EXP 	slider: markerPos = np.float64(1.6111111111111112)
20.3555 	EXP 	New trial (rep=0, index=9): <Trial 9 (9 in rep 0) data={'study_word': 'phone', 'thisN': 9, 'thisTrialN': 9, 'thisRepN': 0}>
20.3727 	EXP 	text: autoDraw = False
20.3727 	EXP 	slider: autoDraw = False
20.3727 	EXP 	text: height = np.float64(0.05)
20.3727 	EXP 	text: height = np.float64(0.05)
20.3727 	EXP 	text: height = np.float64(0.05)
20.3727 	EXP 	text: text = 'phone'
20.3727 	EXP 	slider: markerPos = None
20.3727 	EXP 	slider: markerPos = None
20.3727 	EXP 	text: autoDraw = True
20.3727 	EXP 	slider: autoDraw = True
22.0694 	DATA 	Mouse: Left button down, pos=(447,216)
22.0839 	EXP 	slider: markerPos = np.float64(1.1)
22.1008 	EXP 	slider: markerPos = np.float64(1.1)
22.1190 	EXP 	slider: markerPos = np.float64(1.1)
22.1340 	EXP 	slider: markerPos = np.float64(1.1)
22.1522 	EXP 	slider: markerPos = np.float64(1.1)
22.1679 	EXP 	slider: markerPos = np.float64(1.1)
22.1850 	EXP 	slider: markerPos = np.float64(1.1)
22.1917 	DATA 	Mouse:  Left button up, pos=(447,216)
22.2007 	EXP 	slider: markerPos = np.float64(1.1)
22.2179 	EXP 	slider: markerPos = np.float64(1.1)
22.2192 	EXP 	New trial (rep=0, index=10): <Trial 10 (10 in rep 0) data={'study_word': 'marble ', 'thisN': 10, 'thisTrialN': 10, 'thisRepN': 0}>
22.2335 	EXP 	text: autoDraw = False
22.2335 	EXP 	slider: autoDraw = False
22.2335 	EXP 	text: height = np.float64(0.05)
22.2335 	EXP 	text: height = np.float64(0.05)
22.2335 	EXP 	text: height = np.float64(0.05)
22.2335 	EXP 	text: text = 'marble '
22.2335 	EXP 	slider: markerPos = None
22.2335 	EXP 	slider: markerPos = None
22.2335 	EXP 	text: autoDraw = True
22.2335 	EXP 	slider: autoDraw = True
23.5374 	DATA 	Mouse: Left button down, pos=(699,217)
23.5534 	EXP 	slider: markerPos = np.float64(2.033333333333333)
23.5688 	EXP 	slider: markerPos = np.float64(2.033333333333333)
23.5857 	EXP 	slider: markerPos = np.float64(2.033333333333333)
23.6029 	EXP 	slider: markerPos = np.float64(2.033333333333333)
23.6180 	EXP 	slider: markerPos = np.float64(2.033333333333333)
23.6358 	EXP 	slider: markerPos = np.float64(2.033333333333333)
23.6522 	EXP 	slider: markerPos = np.float64(2.033333333333333)
23.6699 	EXP 	slider: markerPos = np.float64(2.033333333333333)
23.6711 	DATA 	Mouse:  Left button up, pos=(699,217)
23.6857 	EXP 	slider: markerPos = np.float64(2.033333333333333)
23.6867 	EXP 	New trial (rep=0, index=11): <Trial 11 (11 in rep 0) data={'study_word': 't-shirt', 'thisN': 11, 'thisTrialN': 11, 'thisRepN': 0}>
23.7137 	EXP 	text: autoDraw = False
23.7137 	EXP 	slider: autoDraw = False
23.7137 	EXP 	text: height = np.float64(0.05)
23.7137 	EXP 	text: height = np.float64(0.05)
23.7137 	EXP 	text: height = np.float64(0.05)
23.7137 	EXP 	text: text = 't-shirt'
23.7137 	EXP 	slider: markerPos = None
23.7137 	EXP 	slider: markerPos = None
23.7137 	EXP 	text: autoDraw = True
23.7137 	EXP 	slider: autoDraw = True
24.8762 	DATA 	Mouse: Left button down, pos=(692,217)
24.9019 	EXP 	slider: markerPos = np.float64(2.0074074074074075)
24.9190 	EXP 	slider: markerPos = np.float64(2.0074074074074075)
24.9359 	EXP 	slider: markerPos = np.float64(2.0074074074074075)
24.9518 	EXP 	slider: markerPos = np.float64(2.0074074074074075)
24.9593 	DATA 	Mouse:  Left button up, pos=(692,217)
24.9701 	EXP 	slider: markerPos = np.float64(2.0074074074074075)
24.9873 	EXP 	slider: markerPos = np.float64(2.0074074074074075)
24.9884 	EXP 	New trial (rep=0, index=12): <Trial 12 (12 in rep 0) data={'study_word': 'case', 'thisN': 12, 'thisTrialN': 12, 'thisRepN': 0}>
25.0025 	EXP 	text: autoDraw = False
25.0025 	EXP 	slider: autoDraw = False
25.0025 	EXP 	text: height = np.float64(0.05)
25.0025 	EXP 	text: height = np.float64(0.05)
25.0025 	EXP 	text: height = np.float64(0.05)
25.0025 	EXP 	text: text = 'case'
25.0025 	EXP 	slider: markerPos = None
25.0025 	EXP 	slider: markerPos = None
25.0025 	EXP 	text: autoDraw = True
25.0025 	EXP 	slider: autoDraw = True
27.8046 	DATA 	Mouse: Left button down, pos=(444,219)
27.8206 	EXP 	slider: markerPos = np.float64(1.0888888888888888)
27.8349 	EXP 	slider: markerPos = np.float64(1.0888888888888888)
27.8529 	EXP 	slider: markerPos = np.float64(1.0888888888888888)
27.8690 	EXP 	slider: markerPos = np.float64(1.0888888888888888)
27.8863 	EXP 	slider: markerPos = np.float64(1.0888888888888888)
27.9025 	EXP 	slider: markerPos = np.float64(1.0888888888888888)
27.9200 	EXP 	slider: markerPos = np.float64(1.0888888888888888)
27.9291 	DATA 	Mouse:  Left button up, pos=(444,219)
27.9351 	EXP 	slider: markerPos = np.float64(1.0888888888888888)
27.9531 	EXP 	slider: markerPos = np.float64(1.0888888888888888)
27.9546 	EXP 	New trial (rep=0, index=13): <Trial 13 (13 in rep 0) data={'study_word': 'cushion', 'thisN': 13, 'thisTrialN': 13, 'thisRepN': 0}>
27.9692 	EXP 	text: autoDraw = False
27.9692 	EXP 	slider: autoDraw = False
27.9692 	EXP 	text: height = np.float64(0.05)
27.9692 	EXP 	text: height = np.float64(0.05)
27.9692 	EXP 	text: height = np.float64(0.05)
27.9692 	EXP 	text: text = 'cushion'
27.9692 	EXP 	slider: markerPos = None
27.9692 	EXP 	slider: markerPos = None
27.9692 	EXP 	text: autoDraw = True
27.9692 	EXP 	slider: autoDraw = True
29.9592 	DATA 	Mouse: Left button down, pos=(786,214)
29.9856 	EXP 	slider: markerPos = np.float64(2.3555555555555556)
30.0033 	EXP 	slider: markerPos = np.float64(2.3555555555555556)
30.0192 	EXP 	slider: markerPos = np.float64(2.3555555555555556)
30.0354 	EXP 	slider: markerPos = np.float64(2.3555555555555556)
30.0534 	EXP 	slider: markerPos = np.float64(2.3555555555555556)
30.0631 	DATA 	Mouse:  Left button up, pos=(786,214)
30.0697 	EXP 	slider: markerPos = np.float64(2.3555555555555556)
30.0852 	EXP 	slider: markerPos = np.float64(2.3555555555555556)
30.0862 	EXP 	New trial (rep=0, index=14): <Trial 14 (14 in rep 0) data={'study_word': 'police', 'thisN': 14, 'thisTrialN': 14, 'thisRepN': 0}>
30.1017 	EXP 	text: autoDraw = False
30.1017 	EXP 	slider: autoDraw = False
30.1017 	EXP 	text: height = np.float64(0.05)
30.1017 	EXP 	text: height = np.float64(0.05)
30.1017 	EXP 	text: height = np.float64(0.05)
30.1017 	EXP 	text: text = 'police'
30.1017 	EXP 	slider: markerPos = None
30.1017 	EXP 	slider: markerPos = None
30.1017 	EXP 	text: autoDraw = True
30.1017 	EXP 	slider: autoDraw = True
31.6707 	DATA 	Mouse: Left button down, pos=(648,214)
31.6851 	EXP 	slider: markerPos = np.float64(1.8444444444444446)
31.7032 	EXP 	slider: markerPos = np.float64(1.8444444444444446)
31.7196 	EXP 	slider: markerPos = np.float64(1.8444444444444446)
31.7359 	EXP 	slider: markerPos = np.float64(1.8444444444444446)
31.7524 	EXP 	slider: markerPos = np.float64(1.8444444444444446)
31.7703 	EXP 	slider: markerPos = np.float64(1.8444444444444446)
31.7855 	EXP 	slider: markerPos = np.float64(1.8444444444444446)
31.8040 	EXP 	slider: markerPos = np.float64(1.8444444444444446)
31.8190 	EXP 	slider: markerPos = np.float64(1.8444444444444446)
31.8204 	DATA 	Mouse:  Left button up, pos=(648,214)
31.8354 	EXP 	slider: markerPos = np.float64(1.8444444444444446)
31.8415 	EXP 	Imported test_words_cvs.csv as conditions, 20 conditions, 3 params
31.8421 	EXP 	New trial (rep=0, index=0): <Trial 0 (0 in rep 0) data={'Test_words': 'ta_l_', 'reference': 'table', 'old_new': 'new', 'thisN': 0, 'thisTrialN': 0, 'thisRepN': 0}>
31.8698 	EXP 	text: autoDraw = False
31.8698 	EXP 	slider: autoDraw = False
31.8698 	EXP 	text_2: height = np.float64(0.05)
31.8698 	EXP 	text_2: height = np.float64(0.05)
31.8698 	EXP 	text_2: height = np.float64(0.05)
31.8698 	EXP 	text_2: text = 'ta_l_'
31.8698 	EXP 	text_2: autoDraw = True
31.8698 	EXP 	textbox: autoDraw = True
31.8698 	EXP 	text_3: autoDraw = True
41.8389 	EXP 	New trial (rep=0, index=1): <Trial 1 (1 in rep 0) data={'Test_words': '_oo_', 'reference': 'book', 'old_new': 'old', 'thisN': 1, 'thisTrialN': 1, 'thisRepN': 0}>
41.8555 	EXP 	text_2: autoDraw = False
41.8555 	EXP 	textbox: autoDraw = False
41.8555 	EXP 	text_3: autoDraw = False
41.8555 	EXP 	text_2: height = np.float64(0.05)
41.8555 	EXP 	text_2: height = np.float64(0.05)
41.8555 	EXP 	text_2: height = np.float64(0.05)
41.8555 	EXP 	text_2: text = '_oo_'
41.8555 	EXP 	text_2: autoDraw = True
41.8555 	EXP 	textbox: autoDraw = True
41.8555 	EXP 	text_3: autoDraw = True
43.2387 	DATA 	Keypress: b
43.2670 	EXP 	Device response: <KeyPress from None: t=43.23172979988158, value=b, duration=None>
43.3144 	EXP 	Device response: <KeyPress from None: t=43.23172979988158, value=b, duration=0.0727097000926733>
43.5314 	DATA 	Keypress: o
43.5372 	EXP 	Device response: <KeyPress from None: t=43.519686799962074, value=o, duration=None>
43.5980 	EXP 	Device response: <KeyPress from None: t=43.519686799962074, value=o, duration=0.07140080002136528>
43.6977 	DATA 	Keypress: o
43.6992 	EXP 	Device response: <KeyPress from None: t=43.690002099843696, value=o, duration=None>
43.7815 	EXP 	Device response: <KeyPress from None: t=43.690002099843696, value=o, duration=0.08036270015873015>
43.9303 	DATA 	Keypress: k
43.9352 	EXP 	Device response: <KeyPress from None: t=43.9204396000132, value=k, duration=None>
44.0136 	EXP 	Device response: <KeyPress from None: t=43.9204396000132, value=k, duration=0.07871789997443557>
45.7306 	DATA 	Mouse: Left button down, pos=(879,210)
45.7315 	EXP 	New trial (rep=0, index=2): <Trial 2 (2 in rep 0) data={'Test_words': '_ru_s_', 'reference': 'cruise', 'old_new': 'old', 'thisN': 2, 'thisTrialN': 2, 'thisRepN': 0}>
45.7458 	EXP 	text_2: autoDraw = False
45.7458 	EXP 	textbox: autoDraw = False
45.7458 	EXP 	text_3: autoDraw = False
45.7458 	EXP 	text_2: height = np.float64(0.05)
45.7458 	EXP 	text_2: height = np.float64(0.05)
45.7458 	EXP 	text_2: height = np.float64(0.05)
45.7458 	EXP 	text_2: text = '_ru_s_'
45.7458 	EXP 	text_2: autoDraw = True
45.7458 	EXP 	textbox: autoDraw = True
45.7458 	EXP 	text_3: autoDraw = True
45.8813 	DATA 	Mouse:  Left button up, pos=(879,210)
46.9701 	DATA 	Keypress: c
46.9867 	EXP 	Device response: <KeyPress from None: t=46.966778399888426, value=c, duration=None>
47.0638 	EXP 	Device response: <KeyPress from None: t=46.966778399888426, value=c, duration=0.09531800006516278>
47.2481 	DATA 	Keypress: r
47.2494 	EXP 	Device response: <KeyPress from None: t=47.238234399817884, value=r, duration=None>
47.3309 	EXP 	Device response: <KeyPress from None: t=47.238234399817884, value=r, duration=0.0776143001858145>
47.6812 	DATA 	Keypress: u
47.6858 	EXP 	Device response: <KeyPress from None: t=47.671960099833086, value=u, duration=None>
47.7639 	EXP 	Device response: <KeyPress from None: t=47.671960099833086, value=u, duration=0.0769053001422435>
47.8819 	DATA 	Keypress: i
47.8872 	EXP 	Device response: <KeyPress from None: t=47.877702499972656, value=i, duration=None>
47.9826 	EXP 	Device response: <KeyPress from None: t=47.877702499972656, value=i, duration=0.09809159999713302>
48.0978 	DATA 	Keypress: s
48.1043 	EXP 	Device response: <KeyPress from None: t=48.088934199884534, value=s, duration=None>
48.1814 	EXP 	Device response: <KeyPress from None: t=48.088934199884534, value=s, duration=0.08789160009473562>
48.3147 	DATA 	Keypress: e
48.3158 	EXP 	Device response: <KeyPress from None: t=48.311892200028524, value=e, duration=None>
48.3980 	EXP 	Device response: <KeyPress from None: t=48.311892200028524, value=e, duration=0.08070389996282756>
50.0474 	DATA 	Mouse: Left button down, pos=(1006,225)
50.0480 	EXP 	New trial (rep=0, index=3): <Trial 3 (3 in rep 0) data={'Test_words': 'k_y_', 'reference': 'keys', 'old_new': 'old', 'thisN': 3, 'thisTrialN': 3, 'thisRepN': 0}>
50.0631 	EXP 	text_2: autoDraw = False
50.0631 	EXP 	textbox: autoDraw = False
50.0631 	EXP 	text_3: autoDraw = False
50.0631 	EXP 	text_2: height = np.float64(0.05)
50.0631 	EXP 	text_2: height = np.float64(0.05)
50.0631 	EXP 	text_2: height = np.float64(0.05)
50.0631 	EXP 	text_2: text = 'k_y_'
50.0631 	EXP 	text_2: autoDraw = True
50.0631 	EXP 	textbox: autoDraw = True
50.0631 	EXP 	text_3: autoDraw = True
50.1824 	DATA 	Mouse:  Left button up, pos=(1006,225)
51.2823 	DATA 	Keypress: k
51.2832 	EXP 	Device response: <KeyPress from None: t=51.27626519999467, value=k, duration=None>
51.3642 	EXP 	Device response: <KeyPress from None: t=51.27626519999467, value=k, duration=0.08522659982554615>
51.4646 	DATA 	Keypress: e
51.4659 	EXP 	Device response: <KeyPress from None: t=51.45618680003099, value=e, duration=None>
51.5319 	EXP 	Device response: <KeyPress from None: t=51.45618680003099, value=e, duration=0.07146749994717538>
51.6329 	DATA 	Keypress: y
51.6343 	EXP 	Device response: <KeyPress from None: t=51.62259629997425, value=y, duration=None>
51.7153 	EXP 	Device response: <KeyPress from None: t=51.62259629997425, value=y, duration=0.08862499985843897>
51.7479 	DATA 	Keypress: s
51.7500 	EXP 	Device response: <KeyPress from None: t=51.73535589990206, value=s, duration=None>
51.8331 	EXP 	Device response: <KeyPress from None: t=51.73535589990206, value=s, duration=0.09127239999361336>
53.8483 	DATA 	Mouse: Left button down, pos=(1023,204)
53.8491 	EXP 	New trial (rep=0, index=4): <Trial 4 (4 in rep 0) data={'Test_words': '_ho_e', 'reference': 'phone', 'old_new': 'old', 'thisN': 4, 'thisTrialN': 4, 'thisRepN': 0}>
53.8623 	EXP 	text_2: autoDraw = False
53.8623 	EXP 	textbox: autoDraw = False
53.8623 	EXP 	text_3: autoDraw = False
53.8623 	EXP 	text_2: height = np.float64(0.05)
53.8623 	EXP 	text_2: height = np.float64(0.05)
53.8623 	EXP 	text_2: height = np.float64(0.05)
53.8623 	EXP 	text_2: text = '_ho_e'
53.8623 	EXP 	text_2: autoDraw = True
53.8623 	EXP 	textbox: autoDraw = True
53.8623 	EXP 	text_3: autoDraw = True
53.9825 	DATA 	Mouse:  Left button up, pos=(1023,204)
63.6144 	DATA 	Keypress: p
63.6156 	EXP 	Device response: <KeyPress from None: t=63.61320329993032, value=p, duration=None>
63.7489 	EXP 	Device response: <KeyPress from None: t=63.61320329993032, value=p, duration=0.1269855999853462>
63.8476 	EXP 	New trial (rep=0, index=5): <Trial 5 (5 in rep 0) data={'Test_words': 'p_str_', 'reference': 'pastry', 'old_new': 'old', 'thisN': 5, 'thisTrialN': 5, 'thisRepN': 0}>
63.8635 	EXP 	text_2: autoDraw = False
63.8635 	EXP 	textbox: autoDraw = False
63.8635 	EXP 	text_3: autoDraw = False
63.8635 	EXP 	text_2: autoDraw = False
63.8635 	EXP 	textbox: autoDraw = False
63.8635 	EXP 	text_3: autoDraw = False
63.8635 	EXP 	text_2: height = np.float64(0.05)
63.8635 	EXP 	text_2: height = np.float64(0.05)
63.8635 	EXP 	text_2: height = np.float64(0.05)
63.8635 	EXP 	text_2: text = 'p_str_'
63.8635 	EXP 	text_2: autoDraw = True
63.8635 	EXP 	textbox: autoDraw = True
63.8635 	EXP 	text_3: autoDraw = True
66.6816 	DATA 	Keypress: p
66.6839 	EXP 	Device response: <KeyPress from None: t=66.67019919981249, value=p, duration=None>
66.7991 	EXP 	Device response: <KeyPress from None: t=66.67019919981249, value=p, duration=0.12799490010365844>
67.0525 	DATA 	Keypress: a
67.0802 	EXP 	Device response: <KeyPress from None: t=67.0487530999817, value=a, duration=None>
67.2488 	DATA 	Keypress: s
67.2516 	EXP 	Device response: <KeyPress from None: t=67.23928139987402, value=s, duration=None>
67.2516 	EXP 	Device response: <KeyPress from None: t=67.0487530999817, value=a, duration=0.20103299990296364>
67.3984 	EXP 	Device response: <KeyPress from None: t=67.23928139987402, value=s, duration=0.15780750010162592>
67.5672 	DATA 	Keypress: t
67.5827 	EXP 	Device response: <KeyPress from None: t=67.56575389998034, value=t, duration=None>
67.7476 	DATA 	Keypress: r
67.7492 	EXP 	Device response: <KeyPress from None: t=67.73614789987914, value=r, duration=None>
67.8142 	EXP 	Device response: <KeyPress from None: t=67.56575389998034, value=t, duration=0.23357869987376034>
67.9137 	EXP 	Device response: <KeyPress from None: t=67.73614789987914, value=r, duration=0.1619053001049906>
67.9644 	DATA 	Keypress: y
67.9661 	EXP 	Device response: <KeyPress from None: t=67.95258619985543, value=y, duration=None>
68.0814 	EXP 	Device response: <KeyPress from None: t=67.95258619985543, value=y, duration=0.12176640005782247>
69.4315 	DATA 	Mouse: Left button down, pos=(1058,231)
69.4324 	EXP 	New trial (rep=0, index=6): <Trial 6 (6 in rep 0) data={'Test_words': 'v_s_', 'reference': 'vase', 'old_new': 'new', 'thisN': 6, 'thisTrialN': 6, 'thisRepN': 0}>
69.4486 	EXP 	text_2: autoDraw = False
69.4486 	EXP 	textbox: autoDraw = False
69.4486 	EXP 	text_3: autoDraw = False
69.4486 	EXP 	text_2: height = np.float64(0.05)
69.4486 	EXP 	text_2: height = np.float64(0.05)
69.4486 	EXP 	text_2: height = np.float64(0.05)
69.4486 	EXP 	text_2: text = 'v_s_'
69.4486 	EXP 	text_2: autoDraw = True
69.4486 	EXP 	textbox: autoDraw = True
69.4486 	EXP 	text_3: autoDraw = True
69.5351 	DATA 	Mouse:  Left button up, pos=(1058,231)
71.3370 	DATA 	Keypress: v
71.3567 	EXP 	Device response: <KeyPress from None: t=71.33579539996572, value=v, duration=None>
71.4317 	EXP 	Device response: <KeyPress from None: t=71.33579539996572, value=v, duration=0.08339589997194707>
71.8312 	DATA 	Keypress: a
71.8326 	EXP 	Device response: <KeyPress from None: t=71.82437349995598, value=a, duration=None>
71.9326 	EXP 	Device response: <KeyPress from None: t=71.82437349995598, value=a, duration=0.09853089996613562>
72.0369 	DATA 	Keypress: s
72.0472 	EXP 	Device response: <KeyPress from None: t=72.0359072999563, value=s, duration=None>
72.1155 	EXP 	Device response: <KeyPress from None: t=72.0359072999563, value=s, duration=0.07837580004706979>
72.2317 	DATA 	Keypress: e
72.2328 	EXP 	Device response: <KeyPress from None: t=72.22693929984234, value=e, duration=None>
72.3174 	EXP 	Device response: <KeyPress from None: t=72.22693929984234, value=e, duration=0.08909670007415116>
76.4641 	DATA 	Mouse: Left button down, pos=(1039,219)
76.4648 	EXP 	New trial (rep=0, index=7): <Trial 7 (7 in rep 0) data={'Test_words': 'p_st_r', 'reference': 'poster', 'old_new': 'old', 'thisN': 7, 'thisTrialN': 7, 'thisRepN': 0}>
76.4824 	EXP 	text_2: autoDraw = False
76.4824 	EXP 	textbox: autoDraw = False
76.4824 	EXP 	text_3: autoDraw = False
76.4824 	EXP 	text_2: height = np.float64(0.05)
76.4824 	EXP 	text_2: height = np.float64(0.05)
76.4824 	EXP 	text_2: height = np.float64(0.05)
76.4824 	EXP 	text_2: text = 'p_st_r'
76.4824 	EXP 	text_2: autoDraw = True
76.4824 	EXP 	textbox: autoDraw = True
76.4824 	EXP 	text_3: autoDraw = True
76.5988 	DATA 	Mouse:  Left button up, pos=(1039,219)
77.7645 	DATA 	Keypress: p
77.7657 	EXP 	Device response: <KeyPress from None: t=77.75917369988747, value=p, duration=None>
77.8486 	EXP 	Device response: <KeyPress from None: t=77.75917369988747, value=p, duration=0.08832600014284253>
77.9518 	DATA 	Keypress: o
77.9660 	EXP 	Device response: <KeyPress from None: t=77.95095580001362, value=o, duration=None>
78.0642 	EXP 	Device response: <KeyPress from None: t=77.95095580001362, value=o, duration=0.09847289999015629>
78.0842 	DATA 	Keypress: s
78.0985 	EXP 	Device response: <KeyPress from None: t=78.08197519998066, value=s, duration=None>
78.2315 	EXP 	Device response: <KeyPress from None: t=78.08197519998066, value=s, duration=0.13775629992596805>
78.2818 	DATA 	Keypress: t
78.2831 	EXP 	Device response: <KeyPress from None: t=78.27407849999145, value=t, duration=None>
78.3816 	EXP 	Device response: <KeyPress from None: t=78.27407849999145, value=t, duration=0.09712609997950494>
78.5809 	DATA 	Keypress: e
78.5827 	EXP 	Device response: <KeyPress from None: t=78.57015009992756, value=e, duration=None>
78.7494 	EXP 	Device response: <KeyPress from None: t=78.57015009992756, value=e, duration=0.16722670011222363>
79.1485 	DATA 	Keypress: r
79.1503 	EXP 	Device response: <KeyPress from None: t=79.14350080001168, value=r, duration=None>
79.2658 	EXP 	Device response: <KeyPress from None: t=79.14350080001168, value=r, duration=0.11346869985572994>
84.3682 	DATA 	Mouse: Left button down, pos=(1108,237)
84.3824 	EXP 	New trial (rep=0, index=8): <Trial 8 (8 in rep 0) data={'Test_words': 'p_nc_l', 'reference': 'pencil', 'old_new': 'new', 'thisN': 8, 'thisTrialN': 8, 'thisRepN': 0}>
84.3969 	EXP 	text_2: autoDraw = False
84.3969 	EXP 	textbox: autoDraw = False
84.3969 	EXP 	text_3: autoDraw = False
84.3969 	EXP 	text_2: height = np.float64(0.05)
84.3969 	EXP 	text_2: height = np.float64(0.05)
84.3969 	EXP 	text_2: height = np.float64(0.05)
84.3969 	EXP 	text_2: text = 'p_nc_l'
84.3969 	EXP 	text_2: autoDraw = True
84.3969 	EXP 	textbox: autoDraw = True
84.3969 	EXP 	text_3: autoDraw = True
84.4988 	DATA 	Mouse:  Left button up, pos=(1108,237)
87.7153 	DATA 	Keypress: p
87.7164 	EXP 	Device response: <KeyPress from None: t=87.70814140001312, value=p, duration=None>
87.8163 	EXP 	Device response: <KeyPress from None: t=87.70814140001312, value=p, duration=0.0949222999624908>
88.4026 	DATA 	Keypress: e
88.4158 	EXP 	Device response: <KeyPress from None: t=88.40205919998698, value=e, duration=None>
88.5000 	EXP 	Device response: <KeyPress from None: t=88.40205919998698, value=e, duration=0.09607789991423488>
88.7156 	DATA 	Keypress: n
88.7217 	EXP 	Device response: <KeyPress from None: t=88.7034824998118, value=n, duration=None>
88.7992 	EXP 	Device response: <KeyPress from None: t=88.7034824998118, value=n, duration=0.0881103000137955>
89.2153 	DATA 	Keypress: c
89.2166 	EXP 	Device response: <KeyPress from None: t=89.2121412998531, value=c, duration=None>
89.3160 	EXP 	Device response: <KeyPress from None: t=89.2121412998531, value=c, duration=0.09123630006797612>
89.4157 	DATA 	Keypress: i
89.4169 	EXP 	Device response: <KeyPress from None: t=89.41295169992372, value=i, duration=None>
89.4824 	EXP 	Device response: <KeyPress from None: t=89.41295169992372, value=i, duration=0.0689115000423044>
89.6029 	DATA 	Keypress: l
89.6178 	EXP 	Device response: <KeyPress from None: t=89.60079239984043, value=l, duration=None>
89.6983 	EXP 	Device response: <KeyPress from None: t=89.60079239984043, value=l, duration=0.08164280001074076>
91.7989 	DATA 	Mouse: Left button down, pos=(1103,187)
91.8000 	EXP 	New trial (rep=0, index=9): <Trial 9 (9 in rep 0) data={'Test_words': 'c_m_ra', 'reference': 'camera', 'old_new': 'new', 'thisN': 9, 'thisTrialN': 9, 'thisRepN': 0}>
91.8141 	EXP 	text_2: autoDraw = False
91.8141 	EXP 	textbox: autoDraw = False
91.8141 	EXP 	text_3: autoDraw = False
91.8141 	EXP 	text_2: height = np.float64(0.05)
91.8141 	EXP 	text_2: height = np.float64(0.05)
91.8141 	EXP 	text_2: height = np.float64(0.05)
91.8141 	EXP 	text_2: text = 'c_m_ra'
91.8141 	EXP 	text_2: autoDraw = True
91.8141 	EXP 	textbox: autoDraw = True
91.8141 	EXP 	text_3: autoDraw = True
91.9524 	DATA 	Mouse:  Left button up, pos=(1103,187)
99.4152 	DATA 	Keypress: c
99.4167 	EXP 	Device response: <KeyPress from None: t=99.40597549988888, value=c, duration=None>
99.5482 	EXP 	Device response: <KeyPress from None: t=99.40597549988888, value=c, duration=0.13315490004606545>
99.7845 	DATA 	Keypress: a
99.7976 	EXP 	Device response: <KeyPress from None: t=99.78379879985005, value=a, duration=None>
99.9154 	EXP 	Device response: <KeyPress from None: t=99.78379879985005, value=a, duration=0.12592940009199083>
99.9981 	DATA 	Keypress: m
100.0040 	EXP 	Device response: <KeyPress from None: t=99.98450020002201, value=m, duration=None>
100.0654 	EXP 	Device response: <KeyPress from None: t=99.98450020002201, value=m, duration=0.07813739986158907>
100.7156 	DATA 	Keypress: e
100.7166 	EXP 	Device response: <KeyPress from None: t=100.70999579993077, value=e, duration=None>
100.8489 	EXP 	Device response: <KeyPress from None: t=100.70999579993077, value=e, duration=0.13083550008013844>
101.0979 	DATA 	Keypress: r
101.0999 	EXP 	Device response: <KeyPress from None: t=101.09195040003397, value=r, duration=None>
101.1980 	EXP 	Device response: <KeyPress from None: t=101.09195040003397, value=r, duration=0.10138359991833568>
101.7983 	EXP 	New trial (rep=0, index=10): <Trial 10 (10 in rep 0) data={'Test_words': '_a_bl_', 'reference': 'marble', 'old_new': 'old', 'thisN': 10, 'thisTrialN': 10, 'thisRepN': 0}>
101.8137 	EXP 	text_2: autoDraw = False
101.8137 	EXP 	textbox: autoDraw = False
101.8137 	EXP 	text_3: autoDraw = False
101.8137 	EXP 	text_2: autoDraw = False
101.8137 	EXP 	textbox: autoDraw = False
101.8137 	EXP 	text_3: autoDraw = False
101.8137 	EXP 	text_2: height = np.float64(0.05)
101.8137 	EXP 	text_2: height = np.float64(0.05)
101.8137 	EXP 	text_2: height = np.float64(0.05)
101.8137 	EXP 	text_2: text = '_a_bl_'
101.8137 	EXP 	text_2: autoDraw = True
101.8137 	EXP 	textbox: autoDraw = True
101.8137 	EXP 	text_3: autoDraw = True
104.2210 	DATA 	Keypress: m
104.2304 	EXP 	Device response: <KeyPress from None: t=104.21796779986471, value=m, duration=None>
104.3152 	EXP 	Device response: <KeyPress from None: t=104.21796779986471, value=m, duration=0.08127419999800622>
104.4156 	DATA 	Keypress: a
104.4166 	EXP 	Device response: <KeyPress from None: t=104.41438039997593, value=a, duration=None>
104.5318 	EXP 	Device response: <KeyPress from None: t=104.41438039997593, value=a, duration=0.11378409992903471>
104.7647 	DATA 	Keypress: r
104.7660 	EXP 	Device response: <KeyPress from None: t=104.75834929989651, value=r, duration=None>
104.8649 	EXP 	Device response: <KeyPress from None: t=104.75834929989651, value=r, duration=0.10169859998859465>
105.6487 	DATA 	Keypress: backspace
105.6504 	EXP 	Device response: <KeyPress from None: t=105.64271399984136, value=backspace, duration=None>
105.7487 	EXP 	Device response: <KeyPress from None: t=105.64271399984136, value=backspace, duration=0.09354440006427467>
105.8348 	DATA 	Keypress: backspace
105.8490 	EXP 	Device response: <KeyPress from None: t=105.83427529991604, value=backspace, duration=None>
105.9318 	EXP 	Device response: <KeyPress from None: t=105.83427529991604, value=backspace, duration=0.09123359993100166>
105.9990 	DATA 	Keypress: backspace
105.9997 	EXP 	Device response: <KeyPress from None: t=105.98986679990776, value=backspace, duration=None>
106.0810 	EXP 	Device response: <KeyPress from None: t=105.98986679990776, value=backspace, duration=0.07656290009617805>
111.7981 	EXP 	New trial (rep=0, index=11): <Trial 11 (11 in rep 0) data={'Test_words': 't_hi_t', 'reference': 'tshirt', 'old_new': 'old', 'thisN': 11, 'thisTrialN': 11, 'thisRepN': 0}>
111.8140 	EXP 	text_2: autoDraw = False
111.8140 	EXP 	textbox: autoDraw = False
111.8140 	EXP 	text_3: autoDraw = False
111.8140 	EXP 	text_2: autoDraw = False
111.8140 	EXP 	textbox: autoDraw = False
111.8140 	EXP 	text_3: autoDraw = False
111.8140 	EXP 	text_2: height = np.float64(0.05)
111.8140 	EXP 	text_2: height = np.float64(0.05)
111.8140 	EXP 	text_2: height = np.float64(0.05)
111.8140 	EXP 	text_2: text = 't_hi_t'
111.8140 	EXP 	text_2: autoDraw = True
111.8140 	EXP 	textbox: autoDraw = True
111.8140 	EXP 	text_3: autoDraw = True
113.3146 	DATA 	Keypress: t
113.3156 	EXP 	Device response: <KeyPress from None: t=113.304665699834, value=t, duration=None>
113.3986 	EXP 	Device response: <KeyPress from None: t=113.304665699834, value=t, duration=0.08345570019446313>
113.4654 	DATA 	Keypress: s
113.4663 	EXP 	Device response: <KeyPress from None: t=113.4556018000003, value=s, duration=None>
113.5656 	EXP 	Device response: <KeyPress from None: t=113.4556018000003, value=s, duration=0.09347829991020262>
113.6022 	DATA 	Keypress: h
113.6149 	EXP 	Device response: <KeyPress from None: t=113.60166119993664, value=h, duration=None>
113.6830 	EXP 	Device response: <KeyPress from None: t=113.60166119993664, value=h, duration=0.07141089998185635>
113.8483 	DATA 	Keypress: i
113.8495 	EXP 	Device response: <KeyPress from None: t=113.83996120002121, value=i, duration=None>
113.9158 	EXP 	Device response: <KeyPress from None: t=113.83996120002121, value=i, duration=0.07193879992701113>
113.9828 	DATA 	Keypress: r
113.9840 	EXP 	Device response: <KeyPress from None: t=113.98097389983013, value=r, duration=None>
114.0825 	EXP 	Device response: <KeyPress from None: t=113.98097389983013, value=r, duration=0.10019330005161464>
114.1821 	DATA 	Keypress: t
114.1833 	EXP 	Device response: <KeyPress from None: t=114.18066999991424, value=t, duration=None>
114.2486 	EXP 	Device response: <KeyPress from None: t=114.18066999991424, value=t, duration=0.06105839996598661>
115.3658 	DATA 	Mouse: Left button down, pos=(983,213)
115.3668 	EXP 	New trial (rep=0, index=12): <Trial 12 (12 in rep 0) data={'Test_words': 'l_pt_p', 'reference': 'laptop', 'old_new': 'old ', 'thisN': 12, 'thisTrialN': 12, 'thisRepN': 0}>
115.3801 	EXP 	text_2: autoDraw = False
115.3801 	EXP 	textbox: autoDraw = False
115.3801 	EXP 	text_3: autoDraw = False
115.3801 	EXP 	text_2: height = np.float64(0.05)
115.3801 	EXP 	text_2: height = np.float64(0.05)
115.3801 	EXP 	text_2: height = np.float64(0.05)
115.3801 	EXP 	text_2: text = 'l_pt_p'
115.3801 	EXP 	text_2: autoDraw = True
115.3801 	EXP 	textbox: autoDraw = True
115.3801 	EXP 	text_3: autoDraw = True
115.4484 	DATA 	Mouse:  Left button up, pos=(983,213)
116.9863 	DATA 	Keypress: l
116.9986 	EXP 	Device response: <KeyPress from None: t=116.98466599988751, value=l, duration=None>
117.0823 	EXP 	Device response: <KeyPress from None: t=116.98466599988751, value=l, duration=0.09156180010177195>
117.2161 	DATA 	Keypress: a
117.2173 	EXP 	Device response: <KeyPress from None: t=117.21224849997088, value=a, duration=None>
117.2983 	EXP 	Device response: <KeyPress from None: t=117.21224849997088, value=a, duration=0.08060729992575943>
117.4653 	DATA 	Keypress: p
117.4661 	EXP 	Device response: <KeyPress from None: t=117.4530141998548, value=p, duration=None>
117.5652 	EXP 	Device response: <KeyPress from None: t=117.4530141998548, value=p, duration=0.09623290016315877>
117.6849 	DATA 	Keypress: t
117.6980 	EXP 	Device response: <KeyPress from None: t=117.68438109988347, value=t, duration=None>
117.7986 	EXP 	Device response: <KeyPress from None: t=117.68438109988347, value=t, duration=0.10357050015591085>
117.8317 	DATA 	Keypress: o
117.8334 	EXP 	Device response: <KeyPress from None: t=117.83049459988251, value=o, duration=None>
117.9161 	EXP 	Device response: <KeyPress from None: t=117.83049459988251, value=o, duration=0.07119429996237159>
118.0485 	DATA 	Keypress: p
118.0506 	EXP 	Device response: <KeyPress from None: t=118.04693159996532, value=p, duration=None>
118.1319 	EXP 	Device response: <KeyPress from None: t=118.04693159996532, value=p, duration=0.07718859985470772>
119.3314 	DATA 	Mouse: Left button down, pos=(1125,197)
119.3321 	EXP 	New trial (rep=0, index=13): <Trial 13 (13 in rep 0) data={'Test_words': '_o_rd', 'reference': 'board', 'old_new': 'old', 'thisN': 13, 'thisTrialN': 13, 'thisRepN': 0}>
119.3469 	EXP 	text_2: autoDraw = False
119.3469 	EXP 	textbox: autoDraw = False
119.3469 	EXP 	text_3: autoDraw = False
119.3469 	EXP 	text_2: height = np.float64(0.05)
119.3469 	EXP 	text_2: height = np.float64(0.05)
119.3469 	EXP 	text_2: height = np.float64(0.05)
119.3469 	EXP 	text_2: text = '_o_rd'
119.3469 	EXP 	text_2: autoDraw = True
119.3469 	EXP 	textbox: autoDraw = True
119.3469 	EXP 	text_3: autoDraw = True
119.4314 	DATA 	Mouse:  Left button up, pos=(1125,197)
122.1650 	DATA 	Keypress: b
122.1660 	EXP 	Device response: <KeyPress from None: t=122.16046859999187, value=b, duration=None>
122.2489 	EXP 	Device response: <KeyPress from None: t=122.16046859999187, value=b, duration=0.07569099985994399>
122.4491 	DATA 	Keypress: o
122.4499 	EXP 	Device response: <KeyPress from None: t=122.4470026998315, value=o, duration=None>
122.5489 	EXP 	Device response: <KeyPress from None: t=122.4470026998315, value=o, duration=0.08709260006435215>
122.6154 	DATA 	Keypress: a
122.6165 	EXP 	Device response: <KeyPress from None: t=122.60357239982113, value=a, duration=None>
122.7164 	EXP 	Device response: <KeyPress from None: t=122.60357239982113, value=a, duration=0.10711630014702678>
122.8511 	DATA 	Keypress: r
122.8660 	EXP 	Device response: <KeyPress from None: t=122.85014120000415, value=r, duration=None>
122.9652 	EXP 	Device response: <KeyPress from None: t=122.85014120000415, value=r, duration=0.10623089992441237>
123.0992 	DATA 	Keypress: d
123.1044 	EXP 	Device response: <KeyPress from None: t=123.08602369995788, value=d, duration=None>
123.1823 	EXP 	Device response: <KeyPress from None: t=123.08602369995788, value=d, duration=0.08415389992296696>
124.8992 	DATA 	Mouse: Left button down, pos=(1120,232)
124.9003 	EXP 	New trial (rep=0, index=14): <Trial 14 (14 in rep 0) data={'Test_words': 'c_s_io_', 'reference': 'cushion', 'old_new': 'old', 'thisN': 14, 'thisTrialN': 14, 'thisRepN': 0}>
124.9146 	EXP 	text_2: autoDraw = False
124.9146 	EXP 	textbox: autoDraw = False
124.9146 	EXP 	text_3: autoDraw = False
124.9146 	EXP 	text_2: height = np.float64(0.05)
124.9146 	EXP 	text_2: height = np.float64(0.05)
124.9146 	EXP 	text_2: height = np.float64(0.05)
124.9146 	EXP 	text_2: text = 'c_s_io_'
124.9146 	EXP 	text_2: autoDraw = True
124.9146 	EXP 	textbox: autoDraw = True
124.9146 	EXP 	text_3: autoDraw = True
125.0322 	DATA 	Mouse:  Left button up, pos=(1120,232)
134.8996 	EXP 	New trial (rep=0, index=15): <Trial 15 (15 in rep 0) data={'Test_words': 'p_li_e', 'reference': 'police', 'old_new': 'old', 'thisN': 15, 'thisTrialN': 15, 'thisRepN': 0}>
134.9143 	EXP 	text_2: autoDraw = False
134.9143 	EXP 	textbox: autoDraw = False
134.9143 	EXP 	text_3: autoDraw = False
134.9143 	EXP 	text_2: autoDraw = False
134.9143 	EXP 	textbox: autoDraw = False
134.9143 	EXP 	text_3: autoDraw = False
134.9143 	EXP 	text_2: height = np.float64(0.05)
134.9143 	EXP 	text_2: height = np.float64(0.05)
134.9143 	EXP 	text_2: height = np.float64(0.05)
134.9143 	EXP 	text_2: text = 'p_li_e'
134.9143 	EXP 	text_2: autoDraw = True
134.9143 	EXP 	textbox: autoDraw = True
134.9143 	EXP 	text_3: autoDraw = True
136.4164 	DATA 	Keypress: p
136.4172 	EXP 	Device response: <KeyPress from None: t=136.41244939994067, value=p, duration=None>
136.5155 	EXP 	Device response: <KeyPress from None: t=136.41244939994067, value=p, duration=0.08761160005815327>
136.6318 	DATA 	Keypress: o
136.6329 	EXP 	Device response: <KeyPress from None: t=136.62306609982625, value=o, duration=None>
136.6826 	EXP 	Device response: <KeyPress from None: t=136.62306609982625, value=o, duration=0.057188300183042884>
136.8164 	DATA 	Keypress: l
136.8180 	EXP 	Device response: <KeyPress from None: t=136.81039949995466, value=l, duration=None>
136.8835 	EXP 	Device response: <KeyPress from None: t=136.81039949995466, value=l, duration=0.07196579989977181>
137.0161 	DATA 	Keypress: i
137.0171 	EXP 	Device response: <KeyPress from None: t=137.01100599998608, value=i, duration=None>
137.1004 	EXP 	Device response: <KeyPress from None: t=137.01100599998608, value=i, duration=0.07827989989891648>
137.1649 	DATA 	Keypress: c
137.1659 	EXP 	Device response: <KeyPress from None: t=137.16194609995, value=c, duration=None>
137.2828 	EXP 	Device response: <KeyPress from None: t=137.16194609995, value=c, duration=0.1075176999438554>
137.3823 	DATA 	Keypress: e
137.3834 	EXP 	Device response: <KeyPress from None: t=137.37926049996167, value=e, duration=None>
137.4655 	EXP 	Device response: <KeyPress from None: t=137.37926049996167, value=e, duration=0.07115189987234771>
140.5159 	DATA 	Mouse: Left button down, pos=(1039,219)
140.5170 	EXP 	New trial (rep=0, index=16): <Trial 16 (16 in rep 0) data={'Test_words': 'bo_t_e', 'reference': 'bottle', 'old_new': 'new', 'thisN': 16, 'thisTrialN': 16, 'thisRepN': 0}>
140.5312 	EXP 	text_2: autoDraw = False
140.5312 	EXP 	textbox: autoDraw = False
140.5312 	EXP 	text_3: autoDraw = False
140.5312 	EXP 	text_2: height = np.float64(0.05)
140.5312 	EXP 	text_2: height = np.float64(0.05)
140.5312 	EXP 	text_2: height = np.float64(0.05)
140.5312 	EXP 	text_2: text = 'bo_t_e'
140.5312 	EXP 	text_2: autoDraw = True
140.5312 	EXP 	textbox: autoDraw = True
140.5312 	EXP 	text_3: autoDraw = True
140.6332 	DATA 	Mouse:  Left button up, pos=(1039,219)
150.5163 	EXP 	New trial (rep=0, index=17): <Trial 17 (17 in rep 0) data={'Test_words': '_o_se', 'reference': 'mouse', 'old_new': 'old', 'thisN': 17, 'thisTrialN': 17, 'thisRepN': 0}>
150.5320 	EXP 	text_2: autoDraw = False
150.5320 	EXP 	textbox: autoDraw = False
150.5320 	EXP 	text_3: autoDraw = False
150.5320 	EXP 	text_2: autoDraw = False
150.5320 	EXP 	textbox: autoDraw = False
150.5320 	EXP 	text_3: autoDraw = False
150.5320 	EXP 	text_2: height = np.float64(0.05)
150.5320 	EXP 	text_2: height = np.float64(0.05)
150.5320 	EXP 	text_2: height = np.float64(0.05)
150.5320 	EXP 	text_2: text = '_o_se'
150.5320 	EXP 	text_2: autoDraw = True
150.5320 	EXP 	textbox: autoDraw = True
150.5320 	EXP 	text_3: autoDraw = True
156.1883 	DATA 	Keypress: m
156.1989 	EXP 	Device response: <KeyPress from None: t=156.18755010003224, value=m, duration=None>
156.2823 	EXP 	Device response: <KeyPress from None: t=156.18755010003224, value=m, duration=0.08127419999800622>
156.4162 	DATA 	Keypress: o
156.4175 	EXP 	Device response: <KeyPress from None: t=156.41358339996077, value=o, duration=None>
156.5004 	EXP 	Device response: <KeyPress from None: t=156.41358339996077, value=o, duration=0.07603190001100302>
156.6997 	DATA 	Keypress: u
156.7010 	EXP 	Device response: <KeyPress from None: t=156.6909616999328, value=u, duration=None>
156.7658 	EXP 	Device response: <KeyPress from None: t=156.6909616999328, value=u, duration=0.06570630008354783>
157.0842 	DATA 	Keypress: s
157.0852 	EXP 	Device response: <KeyPress from None: t=157.06932040001266, value=s, duration=None>
157.1327 	EXP 	Device response: <KeyPress from None: t=157.06932040001266, value=s, duration=0.06123430002480745>
157.2351 	DATA 	Keypress: e
157.2491 	EXP 	Device response: <KeyPress from None: t=157.23393969982862, value=e, duration=None>
157.3010 	EXP 	Device response: <KeyPress from None: t=157.23393969982862, value=e, duration=0.05888500018045306>
159.5994 	DATA 	Mouse: Left button down, pos=(1070,216)
159.6005 	EXP 	New trial (rep=0, index=18): <Trial 18 (18 in rep 0) data={'Test_words': 'c_s_', 'reference': 'case', 'old_new': 'old', 'thisN': 18, 'thisTrialN': 18, 'thisRepN': 0}>
159.6141 	EXP 	text_2: autoDraw = False
159.6141 	EXP 	textbox: autoDraw = False
159.6141 	EXP 	text_3: autoDraw = False
159.6141 	EXP 	text_2: height = np.float64(0.05)
159.6141 	EXP 	text_2: height = np.float64(0.05)
159.6141 	EXP 	text_2: height = np.float64(0.05)
159.6141 	EXP 	text_2: text = 'c_s_'
159.6141 	EXP 	text_2: autoDraw = True
159.6141 	EXP 	textbox: autoDraw = True
159.6141 	EXP 	text_3: autoDraw = True
159.7162 	DATA 	Mouse:  Left button up, pos=(1070,216)
162.7497 	DATA 	Keypress: c
162.7513 	EXP 	Device response: <KeyPress from None: t=162.74286530003883, value=c, duration=None>
162.8171 	EXP 	Device response: <KeyPress from None: t=162.74286530003883, value=c, duration=0.07093829987570643>
163.0514 	DATA 	Keypress: a
163.0524 	EXP 	Device response: <KeyPress from None: t=163.04855889989994, value=a, duration=None>
163.1353 	EXP 	Device response: <KeyPress from None: t=163.04855889989994, value=a, duration=0.07354869996197522>
163.2502 	DATA 	Keypress: s
163.2515 	EXP 	Device response: <KeyPress from None: t=163.24126529996283, value=s, duration=None>
163.3174 	EXP 	Device response: <KeyPress from None: t=163.24126529996283, value=s, duration=0.07510869996622205>
163.4494 	DATA 	Keypress: e
163.4515 	EXP 	Device response: <KeyPress from None: t=163.44195070001297, value=e, duration=None>
163.5322 	EXP 	Device response: <KeyPress from None: t=163.44195070001297, value=e, duration=0.07750459993258119>
165.0668 	DATA 	Mouse: Left button down, pos=(1075,194)
165.0675 	EXP 	New trial (rep=0, index=19): <Trial 19 (19 in rep 0) data={'Test_words': '_ha_t', 'reference': 'chart', 'old_new': 'old', 'thisN': 19, 'thisTrialN': 19, 'thisRepN': 0}>
165.0817 	EXP 	text_2: autoDraw = False
165.0817 	EXP 	textbox: autoDraw = False
165.0817 	EXP 	text_3: autoDraw = False
165.0817 	EXP 	text_2: height = np.float64(0.05)
165.0817 	EXP 	text_2: height = np.float64(0.05)
165.0817 	EXP 	text_2: height = np.float64(0.05)
165.0817 	EXP 	text_2: text = '_ha_t'
165.0817 	EXP 	text_2: autoDraw = True
165.0817 	EXP 	textbox: autoDraw = True
165.0817 	EXP 	text_3: autoDraw = True
165.1699 	DATA 	Mouse:  Left button up, pos=(1075,194)
169.3989 	DATA 	Keypress: c
169.4000 	EXP 	Device response: <KeyPress from None: t=169.3966822999064, value=c, duration=None>
169.4830 	EXP 	Device response: <KeyPress from None: t=169.3966822999064, value=c, duration=0.08223029994405806>
169.6668 	DATA 	Keypress: h
169.6680 	EXP 	Device response: <KeyPress from None: t=169.6656688998919, value=h, duration=None>
169.7500 	EXP 	Device response: <KeyPress from None: t=169.6656688998919, value=h, duration=0.07512900000438094>
170.0499 	DATA 	Keypress: a
170.0515 	EXP 	Device response: <KeyPress from None: t=170.037636899855, value=a, duration=None>
170.0999 	EXP 	Device response: <KeyPress from None: t=170.037636899855, value=a, duration=0.061346800066530704>
170.3349 	DATA 	Keypress: r
170.3490 	EXP 	Device response: <KeyPress from None: t=170.33285439992324, value=r, duration=None>
170.4166 	EXP 	Device response: <KeyPress from None: t=170.33285439992324, value=r, duration=0.0761583000421524>
170.6164 	DATA 	Keypress: t
170.6180 	EXP 	Device response: <KeyPress from None: t=170.6069379998371, value=t, duration=None>
170.7004 	EXP 	Device response: <KeyPress from None: t=170.6069379998371, value=t, duration=0.0849910001270473>
172.4159 	DATA 	Mouse: Left button down, pos=(1036,197)
172.4316 	EXP 	text_2: autoDraw = False
172.4316 	EXP 	textbox: autoDraw = False
172.4316 	EXP 	text_3: autoDraw = False
172.4318 	EXP 	Word_priming_exp: status = STOPPED
172.4484 	INFO 	saved data to 'C:\\Users\\Pooja\\OneDrive\\Desktop\\Word_Priming_experment\\data\\04_Word_priming_exp_2025-10-15_13h24.08.663.csv'
172.4522 	INFO 	saved data to C:\Users\Pooja\OneDrive\Desktop\Word_Priming_experment\data\04_Word_priming_exp_2025-10-15_13h24.08.663.psydat
172.8055 	WARNING 	Stopping key buffers but this could be dangerous ifother keyboards rely on the same.
